###############################################################################
#
# IAR ELF Linker V9.70.2.500/W64 for ARM                  01/Apr/2026  21:33:34
# Copyright 2007-2025 IAR Systems AB.
#
#    Output file  =
#        Z:\Users\macbook\Documents\code\silabs\EM3555\build\iar\release\exe\em3555-rgbw.out
#    Map file     =
#        Z:\Users\macbook\Documents\code\silabs\EM3555\build\iar\release\lst\em3555-rgbw.map
#    Command line =
#        --silent -f
#        Z:\Users\macbook\Documents\code\silabs\EM3555\build\iar\release\exe\em3555-rgbw.out.rsp
#        (Z:\Users\macbook\Documents\code\silabs\EM3555\build\iar\release\obj\platform_14357307452238843788.dir\adc-em3xx.o
#        Z:\Users\macbook\Documents\code\silabs\EM3555\build\iar\release\obj\framework_4913715117250599538.dir\af-event.o
#        Z:\Users\macbook\Documents\code\silabs\EM3555\build\iar\release\obj\framework_4913715117250599538.dir\af-main-common.o
#        Z:\Users\macbook\Documents\code\silabs\EM3555\build\iar\release\obj\framework_4913715117250599538.dir\af-main-soc.o
#        Z:\Users\macbook\Documents\code\silabs\EM3555\build\iar\release\obj\framework_4913715117250599538.dir\af-node.o
#        Z:\Users\macbook\Documents\code\silabs\EM3555\build\iar\release\obj\framework_4913715117250599538.dir\af-security-common.o
#        Z:\Users\macbook\Documents\code\silabs\EM3555\build\iar\release\obj\framework_4913715117250599538.dir\af-trust-center.o
#        Z:\Users\macbook\Documents\code\silabs\EM3555\build\iar\release\obj\platform_14357307452238843788.dir\antenna-stub.o
#        Z:\Users\macbook\Documents\code\silabs\EM3555\build\iar\release\obj\application_7220717732061272824.dir\app_callbacks.o
#        Z:\Users\macbook\Documents\code\silabs\EM3555\build\iar\release\obj\application_7220717732061272824.dir\app_tokens.o
#        Z:\Users\macbook\Documents\code\silabs\EM3555\build\iar\release\obj\platform_14357307452238843788.dir\assert-crash-handlers.o
#        Z:\Users\macbook\Documents\code\silabs\EM3555\build\iar\release\obj\framework_4913715117250599538.dir\attribute-size.o
#        Z:\Users\macbook\Documents\code\silabs\EM3555\build\iar\release\obj\framework_4913715117250599538.dir\attribute-storage.o
#        Z:\Users\macbook\Documents\code\silabs\EM3555\build\iar\release\obj\framework_4913715117250599538.dir\attribute-table.o
#        Z:\Users\macbook\Documents\code\silabs\EM3555\build\iar\release\obj\framework_4913715117250599538.dir\basic.o
#        Z:\Users\macbook\Documents\code\silabs\EM3555\build\legacy-zigbee-stack\build\binding-table-library-cortexm3-iar-em3555-em3xx\binding-table-library.a
#        Z:\Users\macbook\Documents\code\silabs\EM3555\build\iar\release\obj\autogen_4020999569460366166.dir\bookkeeping-runtime.o
#        Z:\Users\macbook\Documents\code\silabs\EM3555\build\iar\release\obj\platform_14357307452238843788.dir\button.o
#        Z:\Users\macbook\Documents\code\silabs\EM3555\build\iar\release\obj\autogen_4020999569460366166.dir\call-command-handler.o
#        Z:\Users\macbook\Documents\code\silabs\EM3555\build\iar\release\obj\autogen_4020999569460366166.dir\callback-stub.o
#        Z:\Users\macbook\Documents\code\silabs\EM3555\build\legacy-zigbee-stack\build\cbke-163k1-stub-library-cortexm3-iar-em3555-em3xx\cbke-163k1-stub-library.a
#        Z:\Users\macbook\Documents\code\silabs\EM3555\build\legacy-zigbee-stack\build\cbke-283k1-stub-library-cortexm3-iar-em3555-em3xx\cbke-283k1-stub-library.a
#        Z:\Users\macbook\Documents\code\silabs\EM3555\build\legacy-zigbee-stack\build\cbke-library-dsa-sign-stub-cortexm3-iar-em3555-em3xx\cbke-library-dsa-sign-stub.a
#        Z:\Users\macbook\Documents\code\silabs\EM3555\build\legacy-zigbee-stack\build\cbke-library-dsa-verify-283k1-stub-cortexm3-iar-em3555-em3xx\cbke-library-dsa-verify-283k1-stub.a
#        Z:\Users\macbook\Documents\code\silabs\EM3555\build\legacy-zigbee-stack\build\cbke-library-dsa-verify-stub-cortexm3-iar-em3555-em3xx\cbke-library-dsa-verify-stub.a
#        Z:\Users\macbook\Documents\code\silabs\EM3555\build\legacy-zigbee-stack\build\cbke-stub-library-cortexm3-iar-em3555-em3xx\cbke-stub-library.a
#        Z:\Users\macbook\Documents\code\silabs\EM3555\build\iar\release\obj\framework_4913715117250599538.dir\ccm-star.o
#        Z:\Users\macbook\Documents\code\silabs\EM3555\build\iar\release\obj\framework_4913715117250599538.dir\client-api.o
#        Z:\Users\macbook\Documents\code\silabs\EM3555\build\iar\release\obj\platform_14357307452238843788.dir\coexistence-802154.o
#        Z:\Users\macbook\Documents\code\silabs\EM3555\build\iar\release\obj\platform_14357307452238843788.dir\coexistence-hal.o
#        Z:\Users\macbook\Documents\code\silabs\EM3555\build\iar\release\obj\platform_14357307452238843788.dir\coexistence.o
#        Z:\Users\macbook\Documents\code\silabs\EM3555\build\iar\release\obj\framework_4913715117250599538.dir\color-control-server.o
#        Z:\Users\macbook\Documents\code\silabs\EM3555\build\iar\release\obj\application_7220717732061272824.dir\color_math.o
#        Z:\Users\macbook\Documents\code\silabs\EM3555\build\iar\release\obj\platform_14357307452238843788.dir\coulomb-counter-802154.o
#        Z:\Users\macbook\Documents\code\silabs\EM3555\build\iar\release\obj\platform_14357307452238843788.dir\crc.o
#        Z:\Users\macbook\Documents\code\silabs\EM3555\build\iar\release\obj\framework_4913715117250599538.dir\crypto-state.o
#        Z:\Users\macbook\Documents\code\silabs\EM3555\build\iar\release\obj\platform_14357307452238843788.dir\cstartup-common.o
#        Z:\Users\macbook\Documents\code\silabs\EM3555\build\legacy-zigbee-stack\build\debug-extended-stub-library-cortexm3-iar-em3555-em3xx\debug-extended-stub-library.a
#        Z:\Users\macbook\Documents\code\silabs\EM3555\build\iar\release\obj\platform_14357307452238843788.dir\debug-jtag-em3xx.o
#        Z:\Users\macbook\Documents\code\silabs\EM3555\build\iar\release\obj\application_7220717732061272824.dir\debug_basic_em355x.o
#        Z:\Users\macbook\Documents\code\silabs\EM3555\build\iar\release\obj\platform_14357307452238843788.dir\diagnostic.o
#        Z:\Users\macbook\Documents\code\silabs\EM3555\build\iar\release\obj\platform_14357307452238843788.dir\ember-base-configuration.o
#        Z:\Users\macbook\Documents\code\silabs\EM3555\build\iar\release\obj\framework_4913715117250599538.dir\ember-configuration.o
#        Z:\Users\macbook\Documents\code\silabs\EM3555\build\iar\release\obj\platform_14357307452238843788.dir\ember-printf.o
#        Z:\Users\macbook\Documents\code\silabs\EM3555\build\legacy-zigbee-stack\build\end-device-bind-stub-library-cortexm3-iar-em3555-em3xx\end-device-bind-stub-library.a
#        Z:\Users\macbook\Documents\code\silabs\EM3555\build\iar\release\obj\platform_14357307452238843788.dir\endian.o
#        Z:\Users\macbook\Documents\code\silabs\EM3555\build\iar\release\obj\application_7220717732061272824.dir\endpoints.o
#        Z:\Users\macbook\Documents\code\silabs\EM3555\build\iar\release\obj\application_7220717732061272824.dir\factory_reset.o
#        Z:\Users\macbook\Documents\code\silabs\EM3555\build\iar\release\obj\platform_14357307452238843788.dir\faults.o
#        Z:\Users\macbook\Documents\code\silabs\EM3555\build\iar\release\obj\framework_4913715117250599538.dir\general-response-commands.o
#        Z:\Users\macbook\Documents\code\silabs\EM3555\build\legacy-zigbee-stack\build\gp-stub-library-cortexm3-iar-em3555-em3xx\gp-stub-library.a
#        Z:\Users\macbook\Documents\code\silabs\EM3555\build\iar\release\obj\framework_4913715117250599538.dir\groups-server.o
#        Z:\Users\macbook\Documents\code\silabs\EM3555\build\legacy-zigbee-stack\build\hal-library-cortexm3-iar-em3555-em3xx\hal-library.a
#        Z:\Users\macbook\Documents\code\silabs\EM3555\build\iar\release\obj\framework_4913715117250599538.dir\identify.o
#        Z:\Users\macbook\Documents\code\silabs\EM3555\build\legacy-zigbee-stack\build\install-code-library-cortexm3-iar-em3555-em3xx\install-code-library.a
#        Z:\Users\macbook\Documents\code\silabs\EM3555\build\iar\release\obj\framework_4913715117250599538.dir\interpan-soc.o
#        Z:\Users\macbook\Documents\code\silabs\EM3555\build\iar\release\obj\framework_4913715117250599538.dir\interpan.o
#        Z:\Users\macbook\Documents\code\silabs\EM3555\build\iar\release\obj\platform_14357307452238843788.dir\irqToIsrTrampolines_em355x.o
#        Z:\Users\macbook\Documents\code\silabs\EM3555\build\iar\release\obj\platform_14357307452238843788.dir\isr-stubs.o
#        Z:\Users\macbook\Documents\code\silabs\EM3555\build\iar\release\obj\platform_14357307452238843788.dir\led.o
#        Z:\Users\macbook\Documents\code\silabs\EM3555\build\iar\release\obj\application_7220717732061272824.dir\ledvance_vendor.o
#        Z:\Users\macbook\Documents\code\silabs\EM3555\build\iar\release\obj\framework_4913715117250599538.dir\level-control.o
#        Z:\Users\macbook\Documents\code\silabs\EM3555\build\iar\release\obj\framework_4913715117250599538.dir\library.o
#        Z:\Users\macbook\Documents\code\silabs\EM3555\build\iar\release\obj\application_7220717732061272824.dir\light_state.o
#        Z:\Users\macbook\Documents\code\silabs\EM3555\build\iar\release\obj\platform_14357307452238843788.dir\mem-util.o
#        Z:\Users\macbook\Documents\code\silabs\EM3555\build\iar\release\obj\framework_4913715117250599538.dir\message.o
#        Z:\Users\macbook\Documents\code\silabs\EM3555\build\iar\release\obj\platform_14357307452238843788.dir\mfg-token.o
#        Z:\Users\macbook\Documents\code\silabs\EM3555\build\iar\release\obj\platform_14357307452238843788.dir\micro-common.o
#        Z:\Users\macbook\Documents\code\silabs\EM3555\build\iar\release\obj\platform_14357307452238843788.dir\micro.o
#        Z:\Users\macbook\Documents\code\silabs\EM3555\build\iar\release\obj\platform_14357307452238843788.dir\mpu.o
#        Z:\Users\macbook\Documents\code\silabs\EM3555\build\legacy-zigbee-stack\build\multi-network-stub-library-cortexm3-iar-em3555-em3xx\multi-network-stub-library.a
#        Z:\Users\macbook\Documents\code\silabs\EM3555\build\iar\release\obj\framework_4913715117250599538.dir\multi-network.o
#        Z:\Users\macbook\Documents\code\silabs\EM3555\build\legacy-zigbee-stack\build\multi-pan-stub-library-cortexm3-iar-em3555-em3xx\multi-pan-stub-library.a
#        Z:\Users\macbook\Documents\code\silabs\EM3555\build\iar\release\obj\framework_4913715117250599538.dir\network-steering-soc.o
#        Z:\Users\macbook\Documents\code\silabs\EM3555\build\iar\release\obj\framework_4913715117250599538.dir\network-steering.o
#        Z:\Users\macbook\Documents\code\silabs\EM3555\build\iar\release\obj\framework_4913715117250599538.dir\on-off.o
#        Z:\Users\macbook\Documents\code\silabs\EM3555\build\legacy-zigbee-stack\build\packet-validate-library-cortexm3-iar-em3555-em3xx\packet-validate-library.a
#        Z:\Users\macbook\Documents\code\silabs\EM3555\build\iar\release\obj\framework_4913715117250599538.dir\print-formatter.o
#        Z:\Users\macbook\Documents\code\silabs\EM3555\build\iar\release\obj\framework_4913715117250599538.dir\print.o
#        Z:\Users\macbook\Documents\code\silabs\EM3555\build\iar\release\obj\framework_4913715117250599538.dir\process-cluster-message.o
#        Z:\Users\macbook\Documents\code\silabs\EM3555\build\iar\release\obj\framework_4913715117250599538.dir\process-global-message.o
#        Z:\Users\macbook\Documents\code\silabs\EM3555\build\iar\release\obj\platform_14357307452238843788.dir\random.o
#        Z:\Users\macbook\Documents\code\silabs\EM3555\build\iar\release\obj\framework_4913715117250599538.dir\reporting-default-configuration.o
#        Z:\Users\macbook\Documents\code\silabs\EM3555\build\iar\release\obj\framework_4913715117250599538.dir\reporting.o
#        Z:\Users\macbook\Documents\code\silabs\EM3555\build\iar\release\obj\application_7220717732061272824.dir\rgbw_driver_em355x.o
#        Z:\Users\macbook\Documents\code\silabs\EM3555\build\iar\release\obj\framework_4913715117250599538.dir\scan-dispatch.o
#        Z:\Users\macbook\Documents\code\silabs\EM3555\build\iar\release\obj\framework_4913715117250599538.dir\scenes.o
#        Z:\Users\macbook\Documents\code\silabs\EM3555\build\iar\release\obj\framework_4913715117250599538.dir\security-address-cache.o
#        Z:\Users\macbook\Documents\code\silabs\EM3555\build\legacy-zigbee-stack\build\security-library-link-keys-cortexm3-iar-em3555-em3xx\security-library-link-keys.a
#        Z:\Users\macbook\Documents\code\silabs\EM3555\build\iar\release\obj\platform_14357307452238843788.dir\serial.o
#        Z:\Users\macbook\Documents\code\silabs\EM3555\build\iar\release\obj\framework_4913715117250599538.dir\service-discovery-common.o
#        Z:\Users\macbook\Documents\code\silabs\EM3555\build\iar\release\obj\framework_4913715117250599538.dir\service-discovery-soc.o
#        Z:\Users\macbook\Documents\code\silabs\EM3555\build\legacy-zigbee-stack\build\sim-eeprom2-1to2-upgrade-stub-library-cortexm3-iar-em3555-em3xx\sim-eeprom2-1to2-upgrade-stub-library.a
#        Z:\Users\macbook\Documents\code\silabs\EM3555\build\legacy-zigbee-stack\build\sim-eeprom2-library-cortexm3-iar-em3555-em3xx\sim-eeprom2-library.a
#        Z:\Users\macbook\Documents\code\silabs\EM3555\build\iar\release\obj\platform_14357307452238843788.dir\sim-eeprom2.o
#        Z:\Users\macbook\Documents\code\silabs\EM3555\build\iar\release\obj\framework_4913715117250599538.dir\simple-main.o
#        Z:\Users\macbook\Documents\code\silabs\EM3555\build\iar\release\obj\platform_14357307452238843788.dir\sleep.o
#        Z:\Users\macbook\Documents\code\silabs\EM3555\build\legacy-zigbee-stack\build\source-route-stub-library-cortexm3-iar-em3555-em3xx\source-route-stub-library.a
#        Z:\Users\macbook\Documents\code\silabs\EM3555\build\iar\release\obj\framework_4913715117250599538.dir\strong-random-api.o
#        Z:\Users\macbook\Documents\code\silabs\EM3555\build\iar\release\obj\framework_4913715117250599538.dir\time-util.o
#        Z:\Users\macbook\Documents\code\silabs\EM3555\build\iar\release\obj\platform_14357307452238843788.dir\token-def.o
#        Z:\Users\macbook\Documents\code\silabs\EM3555\build\iar\release\obj\platform_14357307452238843788.dir\token.o
#        Z:\Users\macbook\Documents\code\silabs\EM3555\build\iar\release\obj\platform_14357307452238843788.dir\uart.o
#        Z:\Users\macbook\Documents\code\silabs\EM3555\build\iar\release\obj\framework_4913715117250599538.dir\update-tc-link-key.o
#        Z:\Users\macbook\Documents\code\silabs\EM3555\build\iar\release\obj\framework_4913715117250599538.dir\util.o
#        Z:\Users\macbook\Documents\code\silabs\EM3555\build\iar\release\obj\framework_4913715117250599538.dir\zigbee-device-common.o
#        Z:\Users\macbook\Documents\code\silabs\EM3555\build\iar\release\obj\framework_4913715117250599538.dir\zigbee-device-library.o
#        Z:\Users\macbook\Documents\code\silabs\EM3555\build\legacy-zigbee-stack\build\zigbee-pro-stack-cortexm3-iar-em3555-em3xx\zigbee-pro-stack.a
#        Z:\Users\macbook\Documents\code\silabs\EM3555\build\legacy-zigbee-stack\build\zigbee-r22-support-library-cortexm3-iar-em3555-em3xx\zigbee-r22-support-library.a
#        Z:\Users\macbook\Documents\code\silabs\EM3555\build\legacy-zigbee-stack\build\zll-stub-library-cortexm3-iar-em3555-em3xx\zll-stub-library.a
#        Z:\Users\macbook\Documents\code\silabs\EM3555\build\iar\release\obj\autogen_4020999569460366166.dir\znet-bookkeeping.o
#        --redirect _Printf=_PrintfSmallNoMb --redirect _Scanf=_ScanfFullNoMb
#        --no_out_extension -o
#        Z:\Users\macbook\Documents\code\silabs\EM3555\build\iar\release\exe\em3555-rgbw.out
#        --strip --map
#        Z:\Users\macbook\Documents\code\silabs\EM3555\build\iar\release\lst\em3555-rgbw.map
#        --config
#        Z:\Users\macbook\Documents\code\silabs\EM3555\iar/../build/legacy-zigbee-stack/platform/base/hal/micro/cortexm3/em35x/em3555/iar-cfg.icf
#        --diag_suppress Lp012 --entry __iar_program_start --inline
#        --merge_duplicate_sections --vfe --text_out locale --cpu=Cortex-M3
#        --fpu=None) --dependencies=n
#        Z:\Users\macbook\Documents\code\silabs\EM3555\build\iar\release\exe\em3555-rgbw.out.iar_deps
#        --dynamic_output
#        Z:\Users\macbook\Documents\code\silabs\EM3555\build\iar\release\exe\em3555-rgbw.out.iar_dynout
#
###############################################################################

*******************************************************************************
*** MESSAGES
***

Warning[Lt056]: Call or jump from Thumb code to an even address
            Destination: "halSvCallIsr"
            Location:    Z:\Users\macbook\Documents\code\silabs\EM3555\build\ia
                      r\release\obj\platform_14357307452238843788.dir\irqToIsrT
                      rampolines_em355x.o[.text
                      #11]


*******************************************************************************
*** RUNTIME MODEL ATTRIBUTES
***

CppFlavor       = *
__CPP_Runtime   = 1
__SystemLibrary = DLib
__dlib_version  = 6


*******************************************************************************
*** HEAP SELECTION
***

The basic heap was selected because --advanced_heap
was not specified and the application did not appear to
be primarily optimized for speed.


*******************************************************************************
*** PLACEMENT SUMMARY
***

"BAT": place at address 0x800'0000 {  section BAT };
define block HEADER_block with fixed order {  ro section AAT };
"HEADERS":
       place at start of [from 0x800'4000 to 0x800'40ff] {
           block HEADER_block };
define block APPRO_block
   with fixed order {
       ro section .intvec,  ro section .textrw_init,  ro section .gatt_header,
       ro section .gatt_data,  ro section .text,  ro section CODE,
       ro section .rodata,  ro section .data_init,  ro section .iar.init_table,
       ro section __DLIB_PERTHREAD_init };
"APP ro":
       place at start of [from 0x800'4100 to 0x807'ffff] {  block APPRO_block };
"SIMEE&LOCKBITS":
       place at end of [from 0x800'4100 to 0x807'ffff] {
           zi section SIMEE,  zi section INTERNAL_STORAGE,
           zi section LONGTOKEN,  zi section PSSTORE,
           zi section LOCKBITS_IN_MAINFLASH };
"FAT": place at address 0x808'0000 {  section FAT };
"DEBUGCHAN":
       place at start of [from 0x2000'7ff0 to 0x2000'7fff] {
           rw section DEBUG_CHANNEL };
define block ALIGN_EMHEAP with alignment = 8 {  rw section EMHEAP };
define block RESETHEAP
   with fixed order {
       rw section RESETINFO,  rw section .noinitnew,  block ALIGN_EMHEAP };
"ResetHeap":
       place at start of [from 0x2000'0000 to 0x2000'7fef] {  block RESETHEAP };
"Guard":
       place in [from 0x2000'0000 to 0x2000'7fef] {  rw section GUARD_REGION };
define block ALIGN_CSTACK with alignment = 8 {  rw section CSTACK };
define block DLIB_PERTHREAD_INITIALIZED_DATA {  rw section __DLIB_PERTHREAD };
define block DLIB_PERTHREAD_ZERO_DATA {  zi section __DLIB_PERTHREAD };
define block HEAP with size = 0, alignment = 8 { };
define block APPRW_block
   with fixed order {
       block ALIGN_CSTACK,  rw section .textrw,  rw section .data,
       block DLIB_PERTHREAD_INITIALIZED_DATA,  block DLIB_PERTHREAD_ZERO_DATA,
       rw section .bss,  rw section .noinitlegacy,  block HEAP };
"APP rw":
       place at end of [from 0x2000'0000 to 0x2000'7fef] {  block APPRW_block };
do not initialize {
    rw section .noinitlegacy,  rw section .noinitnew,  rw section CSTACK,
    rw section RESETINFO,  rw section EMHEAP,  zi section SIMEE,
    zi section INTERNAL_STORAGE,  zi section LONGTOKEN,  zi section PSSTORE,
    zi section LOCKBITS_IN_MAINFLASH };
initialize by copy {  rw };

No sections matched the following patterns:

  ro section .gatt_data             in block APPRO_block
  ro section .gatt_header           in block APPRO_block
  ro section .textrw_init           in block APPRO_block
  ro section CODE                   in block APPRO_block
  ro section __DLIB_PERTHREAD_init  in block APPRO_block
  rw section .noinitlegacy          in block APPRW_block
  rw section .noinitnew             in block RESETHEAP
  rw section .textrw                in block APPRW_block
  rw section __DLIB_PERTHREAD       in block DLIB_PERTHREAD_INITIALIZED_DATA
  zi section INTERNAL_STORAGE       in "SIMEE&LOCKBITS"
  zi section LOCKBITS_IN_MAINFLASH  in "SIMEE&LOCKBITS"
  zi section LONGTOKEN              in "SIMEE&LOCKBITS"
  zi section PSSTORE                in "SIMEE&LOCKBITS"
  zi section __DLIB_PERTHREAD       in block DLIB_PERTHREAD_ZERO_DATA


  Section                Kind         Address  Alignment      Size  Object
  -------                ----         -------  ---------      ----  ------
"BAT":                                                        0x54
  BAT                    uninit    0x800'0000          4      0x54  cstartup-common.o [4]
                                 - 0x800'0054                 0x54

"HEADERS":                                                    0xac
  HEADER_block                     0x800'4000                 0xac  <Block>
    AAT                  const     0x800'4000          4      0xac  cstartup-common.o [4]
                                 - 0x800'40ac                 0xac

"APP ro":                                                 0x2'36f8
  APPRO_block                      0x800'4100             0x2'36f8  <Block>
    .intvec              const     0x800'4100        256      0x90  startup_em355x.o [16]
    .text                          0x800'4190             0x2'126c  <Block>
      .text              ro code   0x800'4190          4      0xec  adc-em3xx.o [4]
      .text              ro code   0x800'427c          4     0x5ec  analogue.o [26]
      .text              ro code   0x800'4868          4      0xe8  analogue-cell-bias.o [26]
      .text              ro code   0x800'4950          4      0x68  mfg-token.o [4]
      .text              ro code   0x800'49b8          4     0x8a0  phy.o [26]
      .text              ro code   0x800'5258          4     0x158  token.o [4]
      .text              ro code   0x800'53b0          4      0x4c  analogue-filter.o [26]
      .text              ro code   0x800'53fc          4     0x8f8  phy-common.o [26]
      .text              ro code   0x800'5cf4          4     0x440  clocks.o [16]
      .text              ro code   0x800'6134          4     0x1f0  micro-common-internal.o [16]
      .text              ro code   0x800'6324          4     0x268  micro.o [4]
      .text              ro code   0x800'658c          4      0xcc  analogue-vco.o [26]
      .text              ro code   0x800'6658          4     0x27c  analogue-mod-dac.o [26]
      .text              ro code   0x800'68d4          4     0x1aa  analogue-lna.o [26]
      .text              ro code   0x800'6a7e          2      0x7e  lz77_init_single.o [21]
      .text              ro code   0x800'6afc          4     0x124  caladc.o [16]
      .text              ro code   0x800'6c20          4     0x20c  assert-crash-handlers.o [4]
      .text              ro code   0x800'6e2c          4      0x18  ABImemcpy_small.o [21]
      .text              ro code   0x800'6e44          4      0x1e  memcmp_small.o [21]
      .text              ro code   0x800'6e64          4       0xc  spmr.o [16]
      .text              ro code   0x800'6e70          2       0x4  coexistence-802154.o [4]
      .text              ro code   0x800'6e74          4     0x168  symbol-timer.o [26]
      .text              ro code   0x800'6fdc          4     0x6fc  indirect-queue.o [26]
      .text              ro code   0x800'76d8          4     0x54c  mac-child.o [26]
      .text              ro code   0x800'7c24          4     0x970  upper-mac.o [26]
      .text              ro code   0x800'8594          4     0x4bc  lower-mac-ember-phy.o [26]
      .text              ro code   0x800'8a50          4      0x7e  aes.o [26]
      .text              ro code   0x800'8ad0          4      0xb4  micro-common.o [4]
      .text              ro code   0x800'8b84          2       0x8  abs.o [13]
      .text              ro code   0x800'8b8c          4      0xa0  sim-eeprom2.o [4]
      .text              ro code   0x800'8c2c          4    0x1330  sim-eeprom2-internal.o [24]
      .text              ro code   0x800'9f5c          4      0x50  random.o [4]
      .text              ro code   0x800'9fac          4       0xe  spmr.o [16]
      .text              ro code   0x800'9fbc          4       0x8  spmr.o [16]
      .text              ro code   0x800'9fc4          4     0x614  sleep.o [4]
      .text              ro code   0x800'a5d8          4      0x18  eui64.o [26]
      .text              ro code   0x800'a5f0          4       0x6  spmr.o [16]
      .text              ro code   0x800'a5f8          4       0xe  spmr.o [16]
      .text              ro code   0x800'a608          4       0x8  context-switch.o [16]
      .text              ro code   0x800'a610          4      0xa8  cstartup-common.o [4]
      .text              ro code   0x800'a6b8          4     0x17c  micro-internal.o [16]
      .text              ro code   0x800'a834          4      0x74  mpu.o [4]
      .text              ro code   0x800'a8a8          4       0x6  ABImemclr.o [21]
      .text              ro code   0x800'a8b0          4     0x110  button.o [4]
      .text              ro code   0x800'a9c0          4       0x4  spmr.o [16]
      .text              ro code   0x800'a9c4          4     0x148  debug_basic_em355x.o [1]
      .text              ro code   0x800'ab0c          4     0x198  serial.o [4]
      .text              ro code   0x800'aca4          4     0x82c  buffer-management.o [26]
      .text              ro code   0x800'b4d0          4     0x134  system-timer.o [16]
      .text              ro code   0x800'b604          2     0x22c  mac-packet-header.o [26]
      .text              ro code   0x800'b830          4     0x18e  buffer-queue.o [26]
      .text              ro code   0x800'b9c0          4     0x234  event-control.o [26]
      .text              ro code   0x800'bbf4          2       0xc  mac-header.o [26]
      .text              ro code   0x800'bc00          4      0x22  I64Shl.o [21]
      .text              ro code   0x800'bc24          4      0x12  ABImemset_small.o [21]
      .text              ro code   0x800'bc38          4      0x3a  ABImemset48.o [21]
      .text              ro code   0x800'bc74          4       0x6  ABImemclr4.o [21]
      .text              ro code   0x800'bc7c          4      0x1e  ABImemmove_small.o [21]
      .text              ro code   0x800'bc9c          4      0x8c  multi-network.o [26]
      .text              ro code   0x800'bd28          4     0x31c  ember-multi-network-stub.o [18]
      .text              ro code   0x800'c044          4     0x4b8  mac-command.o [26]
      .text              ro code   0x800'c4fc          4      0xb0  mac-flat-header.o [26]
      .text              ro code   0x800'c5ac          4     0x304  mac-header.o [26]
      .text              ro code   0x800'c8b0          2       0x8  mac-header.o [26]
      .text              ro code   0x800'c8b8          2      0x12  ember-configuration.o [3]
      .text              ro code   0x800'c8cc          4      0x48  duty-cycle-stub.o [26]
      .text              ro code   0x800'c914          4      0x3e  led.o [4]
      .text              ro code   0x800'c954          4      0x8c  ember-base-configuration.o [4]
      .text              ro code   0x800'c9e0          2       0xc  debug-extended-stub.o [12]
      .text              ro code   0x800'c9ec          4     0x11c  flash.o [16]
      .text              ro code   0x800'cb08          2       0x2  micro.o [4]
      .text              ro code   0x800'cb0c          4      0x4c  context-switch.o [16]
      .text              ro code   0x800'cb58          4     0x584  af-main-common.o [3]
      .text              ro code   0x800'd0dc          4     0x184  debug-jtag-em3xx.o [4]
      .text              ro code   0x800'd260          4     0x5c0  uart.o [4]
      .text              ro code   0x800'd820          4     0x2d8  ember-printf.o [4]
      .text              ro code   0x800'daf8          4      0x12  strcmp.o [21]
      .text              ro code   0x800'db0c          4      0xa2  multi-pan-stub.o [19]
      .text              ro code   0x800'dbb0          4     0x238  zigbee-neighbor.o [26]
      .text              ro code   0x800'dde8          4     0x4cc  af-main-soc.o [3]
      .text              ro code   0x800'e2b4          4     0x234  ember-stack-common.o [26]
      .text              ro code   0x800'e4e8          4     0x484  scan.o [26]
      .text              ro code   0x800'e96c          4      0x46  multi-network.o [3]
      .text              ro code   0x800'e9b4          4     0x7c4  attribute-storage.o [3]
      .text              ro code   0x800'f178          4     0x6de  util.o [3]
      .text              ro code   0x800'f858          4      0x10  crypto-state.o [3]
      .text              ro code   0x800'f868          4     0x4a8  binding-table.o [5]
      .text              ro code   0x800'fd10          4    0x17fc  association.o [26]
      .text              ro code   0x801'150c          4      0x80  zigbee-device-library.o [3]
      .text              ro code   0x801'158c          2      0x30  bookkeeping-runtime.o [2]
      .text              ro code   0x801'15bc          2      0x2a  callback-stub.o [2]
      .text              ro code   0x801'15e8          4      0xe4  zigbee-dispatch.o [26]
      .text              ro code   0x801'16cc          4     0x320  service-discovery-common.o [3]
      .text              ro code   0x801'19ec          4      0xd8  message.o [3]
      .text              ro code   0x801'1ac4          4      0x20  af-security-common.o [3]
      .text              ro code   0x801'1ae4          4     0xf2c  aps-security.o [26]
      .text              ro code   0x801'2a10          4     0x188  token-cache.o [26]
      .text              ro code   0x801'2b98          4    0x10ce  app_callbacks.o [1]
      .text              ro code   0x801'3c68          4     0x528  zigbee-stack.o [26]
      .text              ro code   0x801'4190          4      0x8c  af-trust-center.o [3]
      .text              ro code   0x801'421c          4     0x994  neighbor.o [26]
      .text              ro code   0x801'4bb0          4     0x844  child.o [26]
      .text              ro code   0x801'53f4          4     0x428  random-id.o [26]
      .text              ro code   0x801'581c          4     0x3f4  diagnostic.o [4]
      .text              ro code   0x801'5c10          4      0xa0  security-address-cache.o [3]
      .text              ro code   0x801'5cb0          4      0x50  af-event.o [3]
      .text              ro code   0x801'5d00          4     0xb14  application-support.o [26]
      .text              ro code   0x801'6814          4     0x400  address-table.o [26]
      .text              ro code   0x801'6c14          4     0x274  legacy-packet-buffer.o [26]
      .text              ro code   0x801'6e88          2     0x164  aes-mmo.o [26]
      .text              ro code   0x801'6fec          4     0x174  scan-dispatch.o [3]
      .text              ro code   0x801'7160          4     0x208  mac-dispatch.o [26]
      .text              ro code   0x801'7368          4     0x21c  child-handling-r22.o [27]
      .text              ro code   0x801'7584          2      0x10  strong-random-api.o [3]
      .text              ro code   0x801'7594          4     0x198  client-api.o [3]
      .text              ro code   0x801'772c          4     0x724  reporting.o [3]
      .text              ro code   0x801'7e50          4      0x5e  groups-server.o [3]
      .text              ro code   0x801'7eae          2      0x34  process-cluster-message.o [3]
      .text              ro code   0x801'7ee4          4     0x402  process-global-message.o [3]
      .text              ro code   0x801'82e8          4     0x330  interpan.o [3]
      .text              ro code   0x801'8618          4     0xa54  aps-retry.o [26]
      .text              ro code   0x801'906c          4     0x4c8  enhanced-beacon-request.o [27]
      .text              ro code   0x801'9534          4     0xa2c  beacon-handling.o [26]
      .text              ro code   0x801'9f60          4     0x3c8  child-handling.o [26]
      .text              ro code   0x801'a328          4    0x1aec  network.o [26]
      .text              ro code   0x801'be14          4     0x950  zigbee-device-util.o [26]
      .text              ro code   0x801'c764          4     0x38e  management.o [26]
      .text              ro code   0x801'caf4          4     0x48a  leave.o [26]
      .text              ro code   0x801'cf80          4     0x31a  zigbee-scan.o [26]
      .text              ro code   0x801'd29c          4     0x124  command.o [26]
      .text              ro code   0x801'd3c0          4     0x20c  child-aging.o [26]
      .text              ro code   0x801'd5cc          4     0x67c  zigbee-packet-header.o [26]
      .text              ro code   0x801'dc48          4     0x32e  retry.o [26]
      .text              ro code   0x801'df78          4     0x6a0  trust-center-util.o [26]
      .text              ro code   0x801'e618          4     0x144  mac-info-element-parsing.o [27]
      .text              ro code   0x801'e75c          4     0x26c  zigbee-upper-mac.o [26]
      .text              ro code   0x801'e9c8          2      0x14  zll-stubs.o [28]
      .text              ro code   0x801'e9dc          4     0x658  aps-keys.o [26]
      .text              ro code   0x801'f034          4      0x14  zigbee-device-common.o [3]
      .text              ro code   0x801'f048          2      0x20  general-response-commands.o [3]
      .text              ro code   0x801'f068          4      0x68  install-code-tokens.o [17]
      .text              ro code   0x801'f0d0          4     0x446  crypto.o [26]
      .text              ro code   0x801'f518          4     0x5e0  aps-encryption.o [26]
      .text              ro code   0x801'faf8          4     0x534  aps-keys-transient.o [22]
      .text              ro code   0x802'002c          2      0x62  hmac.o [26]
      .text              ro code   0x802'0090          4     0x2c0  aps-keys-full.o [22]
      .text              ro code   0x802'0350          4     0x82e  route-discovery.o [26]
      .text              ro code   0x802'0b80          4     0x5c8  route-table.o [26]
      .text              ro code   0x802'1148          4     0x402  attribute-table.o [3]
      .text              ro code   0x802'154c          4     0x3d4  light_state.o [1]
      .text              ro code   0x802'1920          4     0x104  app_tokens.o [1]
      .text              ro code   0x802'1a24          4      0xd8  factory_reset.o [1]
      .text              ro code   0x802'1afc          4     0x10c  rgbw_driver_em355x.o [1]
      .text              ro code   0x802'1c08          4     0x1b6  endpoints.o [1]
      .text              ro code   0x802'1dc0          4     0x2fc  network-steering.o [3]
      .text              ro code   0x802'20bc          2      0x56  ledvance_vendor.o [1]
      .text              ro code   0x802'2114          4      0x94  ember-library.o [26]
      .text              ro code   0x802'21a8          2      0x12  phy-util.o [26]
      .text              ro code   0x802'21bc          4     0x126  multi-pan-common.o [19]
      .text              ro code   0x802'22e4          4     0x24c  broadcast.o [26]
      .text              ro code   0x802'2530          4     0x420  zdo-channel.o [26]
      .text              ro code   0x802'2950          4     0x43c  neighbor-exchange.o [26]
      .text              ro code   0x802'2d8c          4      0xa0  unicast-table.o [26]
      .text              ro code   0x802'2e2c          2     0x15e  route-error.o [26]
      .text              ro code   0x802'2f8c          4     0x2cc  packet-validate.o [20]
      .text              ro code   0x802'3258          4      0x70  attribute-size.o [3]
      .text              ro code   0x802'32c8          2      0x12  reporting-default-configuration.o [3]
      .text              ro code   0x802'32dc          4     0x222  call-command-handler.o [2]
      .text              ro code   0x802'3500          4      0xbc  znet-bookkeeping.o [2]
      .text              ro code   0x802'35bc          4       0x4  time-util.o [3]
      .text              ro code   0x802'35c0          4      0x3e  interpan-soc.o [3]
      .text              ro code   0x802'3600          4     0x350  jit.o [26]
      .text              ro code   0x802'3950          4     0x244  store-forward.o [26]
      .text              ro code   0x802'3b94          4     0x11c  zigbee-mac-header.o [26]
      .text              ro code   0x802'3cb0          2      0x46  source-route-stub.o [25]
      .text              ro code   0x802'3cf8          4     0xb34  zigbee-device.o [26]
      .text              ro code   0x802'482c          2       0x4  end-device-bind-stub.o [14]
      .text              ro code   0x802'4830          4     0x12c  zdo-r22.o [27]
      .text              ro code   0x802'495c          4     0x1a4  ccm-star.o [3]
      .text              ro code   0x802'4b00          4     0x2d0  color_math.o [1]
      .text              ro code   0x802'4dd0          4      0x14  strlen_small.o [21]
      .text              ro code   0x802'4de4          4      0x48  network-steering-soc.o [3]
      .text              ro code   0x802'4e2c          4      0x10  update-tc-link-key.o [3]
      .text              ro code   0x802'4e3c          4     0x1c0  zdo-binding-table.o [5]
      .text              ro code   0x802'4ffc          4     0x14a  I64DivMod_small.o [21]
      .text              ro code   0x802'5148          4       0x4  faults.o [4]
      .text              ro code   0x802'514c          4      0x70  faults.o [4]
      .text              ro code   0x802'51bc          4       0x0  isr-stubs.o [4]
      .text              ro code   0x802'51bc          4      0x18  cal-pads.o [26]
      .text              ro code   0x802'51d4          4     0x110  system_em355x.o [16]
      .text              ro code   0x802'52e4          2       0x8  startup_em355x.o [16]
      .text              ro code   0x802'52ec          4      0x1e  cstartup_M.o [21]
      .text              ro code   0x802'530c          4      0x22  cmain.o [21]
      .text              ro code   0x802'5330          4      0x28  data_init.o [21]
      .text              ro code   0x802'5358          2      0x12  simple-main.o [3]
      .text              ro code   0x802'536a          2       0x4  exit.o [13]
      .text              ro code   0x802'5370          4       0x4  cexit.o [21]
      .text              ro code   0x802'5374          4       0xa  cexit_2.o [21]
      .text              ro code   0x802'5380          4       0xc  XXexit.o [21]
      .text              ro code   0x802'538c          2       0x4  irqToIsrTrampolines_em355x.o [4]
      .text              ro code   0x802'5390          2       0x4  irqToIsrTrampolines_em355x.o [4]
      .text              ro code   0x802'5394          2       0x4  irqToIsrTrampolines_em355x.o [4]
      .text              ro code   0x802'5398          2       0x4  irqToIsrTrampolines_em355x.o [4]
      .text              ro code   0x802'539c          2       0x4  irqToIsrTrampolines_em355x.o [4]
      .text              ro code   0x802'53a0          2       0x4  irqToIsrTrampolines_em355x.o [4]
      .text              ro code   0x802'53a4          2       0x4  irqToIsrTrampolines_em355x.o [4]
      .text              ro code   0x802'53a8          2       0x4  irqToIsrTrampolines_em355x.o [4]
      .text              ro code   0x802'53ac          2       0x4  irqToIsrTrampolines_em355x.o [4]
      .text              ro code   0x802'53b0          2       0x4  irqToIsrTrampolines_em355x.o [4]
      .text              ro code   0x802'53b4          2       0x4  irqToIsrTrampolines_em355x.o [4]
      .text              ro code   0x802'53b8          2       0x4  irqToIsrTrampolines_em355x.o [4]
      .text              ro code   0x802'53bc          2       0x8  gp-stub.o [15]
      .text              ro code   0x802'53c4          2      0x38  zero_init3.o [21]
    .rodata              const     0x802'53fc          4       0x4  af-main-common.o [3]
    .rodata              const     0x802'5400          4      0x10  af-main-soc.o [3]
    .rodata              const     0x802'5410          4      0x1c  af-security-common.o [3]
    .rodata              const     0x802'542c          4       0xc  app_callbacks.o [1]
    .rodata              const     0x802'5438          4       0x8  app_callbacks.o [1]
    .rodata              const     0x802'5440          4       0x8  app_callbacks.o [1]
    .rodata              const     0x802'5448          4       0x8  app_callbacks.o [1]
    .rodata              const     0x802'5450          4       0xc  app_callbacks.o [1]
    .rodata              const     0x802'545c          4       0x8  app_callbacks.o [1]
    .rodata              const     0x802'5464          4       0x8  app_callbacks.o [1]
    .rodata              const     0x802'546c          4       0x8  app_callbacks.o [1]
    .rodata              const     0x802'5474          4      0x10  app_callbacks.o [1]
    .rodata              const     0x802'5484          4      0x10  app_callbacks.o [1]
    .rodata              const     0x802'5494          4      0x10  app_callbacks.o [1]
    .rodata              const     0x802'54a4          4       0x8  app_callbacks.o [1]
    .rodata              const     0x802'54ac          4      0x10  app_callbacks.o [1]
    .rodata              const     0x802'54bc          4      0x14  app_callbacks.o [1]
    .rodata              const     0x802'54d0          4      0x10  app_callbacks.o [1]
    .rodata              const     0x802'54e0          4      0x14  app_callbacks.o [1]
    .rodata              const     0x802'54f4          4      0x14  app_callbacks.o [1]
    .rodata              const     0x802'5508          4      0x18  app_callbacks.o [1]
    .rodata              const     0x802'5520          4      0x14  app_callbacks.o [1]
    .rodata              const     0x802'5534          4      0x10  app_callbacks.o [1]
    .rodata              const     0x802'5544          4       0xc  app_callbacks.o [1]
    .rodata              const     0x802'5550          4      0x10  app_callbacks.o [1]
    .rodata              const     0x802'5560          4       0x8  app_callbacks.o [1]
    .rodata              const     0x802'5568          4       0xc  app_callbacks.o [1]
    .rodata              const     0x802'5574          4       0x8  app_callbacks.o [1]
    .rodata              const     0x802'557c          4       0x8  app_callbacks.o [1]
    .rodata              const     0x802'5584          4       0x8  app_callbacks.o [1]
    .rodata              const     0x802'558c          4      0x18  app_callbacks.o [1]
    .rodata              const     0x802'55a4          4      0x10  app_callbacks.o [1]
    .rodata              const     0x802'55b4          4      0x10  app_callbacks.o [1]
    .rodata              const     0x802'55c4          4      0x10  app_callbacks.o [1]
    .rodata              const     0x802'55d4          4       0xc  app_callbacks.o [1]
    .rodata              const     0x802'55e0          4       0x8  app_callbacks.o [1]
    .rodata              const     0x802'55e8          4       0x8  app_callbacks.o [1]
    .rodata              const     0x802'55f0          4      0x14  app_callbacks.o [1]
    .rodata              const     0x802'5604          4      0x10  app_callbacks.o [1]
    .rodata              const     0x802'5614          4      0x10  app_callbacks.o [1]
    .rodata              const     0x802'5624          4      0x18  app_callbacks.o [1]
    .rodata              const     0x802'563c          4       0xc  app_callbacks.o [1]
    .rodata              const     0x802'5648          4       0xc  app_callbacks.o [1]
    .rodata              const     0x802'5654          4       0xc  app_callbacks.o [1]
    .rodata              const     0x802'5660          4      0x10  app_callbacks.o [1]
    .rodata              const     0x802'5670          4      0x10  app_callbacks.o [1]
    .rodata              const     0x802'5680          4      0x14  app_callbacks.o [1]
    .rodata              const     0x802'5694          4      0x14  app_callbacks.o [1]
    .rodata              const     0x802'56a8          4       0xc  app_callbacks.o [1]
    .rodata              const     0x802'56b4          4      0x14  app_callbacks.o [1]
    .rodata              const     0x802'56c8          4      0x10  app_callbacks.o [1]
    .rodata              const     0x802'56d8          4       0xc  app_callbacks.o [1]
    .rodata              const     0x802'56e4          4      0x10  app_callbacks.o [1]
    .rodata              const     0x802'56f4          4      0x10  app_callbacks.o [1]
    .rodata              const     0x802'5704          4      0x14  app_callbacks.o [1]
    .rodata              const     0x802'5718          4      0x14  app_callbacks.o [1]
    .rodata              const     0x802'572c          4       0xc  app_callbacks.o [1]
    .rodata              const     0x802'5738          4      0x14  app_callbacks.o [1]
    .rodata              const     0x802'574c          4       0xc  app_callbacks.o [1]
    .rodata              const     0x802'5758          4       0xc  app_callbacks.o [1]
    .rodata              const     0x802'5764          4      0x14  app_callbacks.o [1]
    .rodata              const     0x802'5778          4       0xc  app_callbacks.o [1]
    .rodata              const     0x802'5784          4      0x10  app_callbacks.o [1]
    .rodata              const     0x802'5794          4      0x14  app_callbacks.o [1]
    .rodata              const     0x802'57a8          4       0xc  app_callbacks.o [1]
    .rodata              const     0x802'57b4          4       0x8  app_callbacks.o [1]
    .rodata              const     0x802'57bc          4       0x8  app_callbacks.o [1]
    .rodata              const     0x802'57c4          4      0x14  app_callbacks.o [1]
    .rodata              const     0x802'57d8          4      0x18  app_callbacks.o [1]
    .rodata              const     0x802'57f0          4      0x10  app_callbacks.o [1]
    .rodata              const     0x802'5800          4      0x10  app_callbacks.o [1]
    .rodata              const     0x802'5810          4       0xc  app_callbacks.o [1]
    .rodata              const     0x802'581c          4       0x8  app_callbacks.o [1]
    .rodata              const     0x802'5824          4      0x18  app_callbacks.o [1]
    .rodata              const     0x802'583c          4      0x5c  app_callbacks.o [1]
    .rodata              const     0x802'5898          4      0x10  app_callbacks.o [1]
    .rodata              const     0x802'58a8          4      0x3c  app_callbacks.o [1]
    .rodata              const     0x802'58e4          4      0x20  app_callbacks.o [1]
    .rodata              const     0x802'5904          4      0x3c  app_callbacks.o [1]
    .rodata              const     0x802'5940          4      0x34  app_callbacks.o [1]
    .rodata              const     0x802'5974          4       0x8  app_callbacks.o [1]
    .rodata              const     0x802'597c          4      0x10  app_callbacks.o [1]
    .rodata              const     0x802'598c          4      0x50  app_callbacks.o [1]
    .rodata              const     0x802'59dc          4       0x8  app_callbacks.o [1]
    .rodata              const     0x802'59e4          4       0x8  app_callbacks.o [1]
    .rodata              const     0x802'59ec          4      0x4c  app_callbacks.o [1]
    .rodata              const     0x802'5a38          4      0xb8  app_callbacks.o [1]
    .rodata              const     0x802'5af0          4       0x8  app_callbacks.o [1]
    .rodata              const     0x802'5af8          4       0x8  app_callbacks.o [1]
    .rodata              const     0x802'5b00          4      0x70  app_callbacks.o [1]
    .rodata              const     0x802'5b70          4      0xc0  app_callbacks.o [1]
    .rodata              const     0x802'5c30          4      0x28  app_callbacks.o [1]
    .rodata              const     0x802'5c58          4       0x8  app_callbacks.o [1]
    .rodata              const     0x802'5c60          4      0x18  app_callbacks.o [1]
    .rodata              const     0x802'5c78          4       0xc  app_callbacks.o [1]
    .rodata              const     0x802'5c84          4      0x2c  app_callbacks.o [1]
    .rodata              const     0x802'5cb0          4      0x10  app_callbacks.o [1]
    .rodata              const     0x802'5cc0          4       0x8  app_callbacks.o [1]
    .rodata              const     0x802'5cc8          4      0x1c  app_callbacks.o [1]
    .rodata              const     0x802'5ce4          4       0xc  app_callbacks.o [1]
    .rodata              const     0x802'5cf0          4      0x2c  app_callbacks.o [1]
    .rodata              const     0x802'5d1c          4      0x1c  app_callbacks.o [1]
    .rodata              const     0x802'5d38          4      0x2c  app_callbacks.o [1]
    .rodata              const     0x802'5d64          4       0x8  app_callbacks.o [1]
    .rodata              const     0x802'5d6c          4      0x5c  app_callbacks.o [1]
    .rodata              const     0x802'5dc8          4      0x58  app_callbacks.o [1]
    .rodata              const     0x802'5e20          4      0x4c  app_callbacks.o [1]
    .rodata              const     0x802'5e6c          4      0x48  app_callbacks.o [1]
    .rodata              const     0x802'5eb4          4      0x40  app_callbacks.o [1]
    .rodata              const     0x802'5ef4          4      0x24  app_callbacks.o [1]
    .rodata              const     0x802'5f18          4      0x40  app_callbacks.o [1]
    .rodata              const     0x802'5f58          4      0x30  app_callbacks.o [1]
    .rodata              const     0x802'5f88          4      0x3c  app_callbacks.o [1]
    .rodata              const     0x802'5fc4          4      0x18  app_callbacks.o [1]
    .rodata              const     0x802'5fdc          4      0x1c  app_callbacks.o [1]
    .rodata              const     0x802'5ff8          4      0x1c  app_callbacks.o [1]
    .rodata              const     0x802'6014          4       0xc  app_callbacks.o [1]
    .rodata              const     0x802'6020          4      0x14  app_callbacks.o [1]
    .rodata              const     0x802'6034          4      0x10  app_callbacks.o [1]
    .rodata              const     0x802'6044          4      0x20  app_callbacks.o [1]
    .rodata              const     0x802'6064          4      0x1c  app_callbacks.o [1]
    .rodata              const     0x802'6080          4      0x14  app_callbacks.o [1]
    .rodata              const     0x802'6094          4      0x10  app_callbacks.o [1]
    .rodata              const     0x802'60a4          4       0xc  app_callbacks.o [1]
    .rodata              const     0x802'60b0          4      0x20  app_callbacks.o [1]
    .rodata              const     0x802'60d0          4      0x34  app_callbacks.o [1]
    .rodata              const     0x802'6104          4       0xc  app_callbacks.o [1]
    .rodata              const     0x802'6110          4      0x18  app_callbacks.o [1]
    .rodata              const     0x802'6128          4      0x10  app_callbacks.o [1]
    .rodata              const     0x802'6138          4      0x10  app_callbacks.o [1]
    .rodata              const     0x802'6148          4      0x34  app_callbacks.o [1]
    .rodata              const     0x802'617c          4      0x3c  app_callbacks.o [1]
    .rodata              const     0x802'61b8          4      0x14  assert-crash-handlers.o [4]
    .rodata              const     0x802'61cc          4      0x70  attribute-size.o [3]
    .rodata              const     0x802'623c          4      0x6c  attribute-storage.o [3]
    .rodata              const     0x802'62a8          4     0x138  attribute-storage.o [3]
    .rodata              const     0x802'63e0          4      0xa0  attribute-storage.o [3]
    .rodata              const     0x802'6480          4       0x8  attribute-storage.o [3]
    .rodata              const     0x802'6488          4       0x4  attribute-storage.o [3]
    .rodata              const     0x802'648c          4       0x4  attribute-storage.o [3]
    .rodata              const     0x802'6490          4      0x10  cstartup-common.o [4]
    .rodata              const     0x802'64a0          4      0x14  debug_basic_em355x.o [1]
    .rodata              const     0x802'64b4          4       0x8  debug_basic_em355x.o [1]
    .rodata              const     0x802'64bc          4       0x8  debug_basic_em355x.o [1]
    .rodata              const     0x802'64c4          4      0x40  diagnostic.o [4]
    .rodata              const     0x802'6504          4      0x38  diagnostic.o [4]
    .rodata              const     0x802'653c          4      0x44  diagnostic.o [4]
    .rodata              const     0x802'6580          4      0x3c  diagnostic.o [4]
    .rodata              const     0x802'65bc          4      0x30  diagnostic.o [4]
    .rodata              const     0x802'65ec          4      0x30  diagnostic.o [4]
    .rodata              const     0x802'661c          4      0x24  diagnostic.o [4]
    .rodata              const     0x802'6640          4      0x28  diagnostic.o [4]
    .rodata              const     0x802'6668          4      0x40  diagnostic.o [4]
    .rodata              const     0x802'66a8          4      0x3c  diagnostic.o [4]
    .rodata              const     0x802'66e4          4      0x30  diagnostic.o [4]
    .rodata              const     0x802'6714          4      0x38  diagnostic.o [4]
    .rodata              const     0x802'674c          4      0x3c  diagnostic.o [4]
    .rodata              const     0x802'6788          4      0x30  diagnostic.o [4]
    .rodata              const     0x802'67b8          4      0x38  diagnostic.o [4]
    .rodata              const     0x802'67f0          4      0x30  diagnostic.o [4]
    .rodata              const     0x802'6820          4      0x40  diagnostic.o [4]
    .rodata              const     0x802'6860          4      0x44  diagnostic.o [4]
    .rodata              const     0x802'68a4          4      0x40  diagnostic.o [4]
    .rodata              const     0x802'68e4          4      0x3c  diagnostic.o [4]
    .rodata              const     0x802'6920          4       0x8  diagnostic.o [4]
    .rodata              const     0x802'6928          4       0x8  diagnostic.o [4]
    .rodata              const     0x802'6930          4       0xc  diagnostic.o [4]
    .rodata              const     0x802'693c          4       0xc  diagnostic.o [4]
    .rodata              const     0x802'6948          4       0xc  diagnostic.o [4]
    .rodata              const     0x802'6954          4       0x4  diagnostic.o [4]
    .rodata              const     0x802'6958          4       0x4  diagnostic.o [4]
    .rodata              const     0x802'695c          4       0xc  diagnostic.o [4]
    .rodata              const     0x802'6968          4       0xc  diagnostic.o [4]
    .rodata              const     0x802'6974          4       0x8  diagnostic.o [4]
    .rodata              const     0x802'697c          4       0x8  diagnostic.o [4]
    .rodata              const     0x802'6984          4       0x4  diagnostic.o [4]
    .rodata              const     0x802'6988          4       0x8  diagnostic.o [4]
    .rodata              const     0x802'6990          4       0x8  diagnostic.o [4]
    .rodata              const     0x802'6998          4       0x8  diagnostic.o [4]
    .rodata              const     0x802'69a0          4       0x8  diagnostic.o [4]
    .rodata              const     0x802'69a8          4       0x8  diagnostic.o [4]
    .rodata              const     0x802'69b0          4       0x8  diagnostic.o [4]
    .rodata              const     0x802'69b8          4       0x8  diagnostic.o [4]
    .rodata              const     0x802'69c0          4       0x8  diagnostic.o [4]
    .rodata              const     0x802'69c8          4       0x8  diagnostic.o [4]
    .rodata              const     0x802'69d0          4      0x30  diagnostic.o [4]
    .rodata              const     0x802'6a00          4      0x3c  diagnostic.o [4]
    .rodata              const     0x802'6a3c          4      0x2c  diagnostic.o [4]
    .rodata              const     0x802'6a68          4      0x20  diagnostic.o [4]
    .rodata              const     0x802'6a88          4      0x30  diagnostic.o [4]
    .rodata              const     0x802'6ab8          4      0x18  diagnostic.o [4]
    .rodata              const     0x802'6ad0          4      0x40  diagnostic.o [4]
    .rodata              const     0x802'6b10          4      0x30  diagnostic.o [4]
    .rodata              const     0x802'6b40          4      0x1c  diagnostic.o [4]
    .rodata              const     0x802'6b5c          4       0x8  diagnostic.o [4]
    .rodata              const     0x802'6b64          4       0x8  diagnostic.o [4]
    .rodata              const     0x802'6b6c          4       0x8  diagnostic.o [4]
    .rodata              const     0x802'6b74          4      0x28  diagnostic.o [4]
    .rodata              const     0x802'6b9c          4      0x18  diagnostic.o [4]
    .rodata              const     0x802'6bb4          4      0x1c  diagnostic.o [4]
    .rodata              const     0x802'6bd0          4      0x18  diagnostic.o [4]
    .rodata              const     0x802'6be8          4      0x3c  diagnostic.o [4]
    .rodata              const     0x802'6c24          4      0x34  diagnostic.o [4]
    .rodata              const     0x802'6c58          4      0x3c  diagnostic.o [4]
    .rodata              const     0x802'6c94          4      0x28  diagnostic.o [4]
    .rodata              const     0x802'6cbc          4      0x1c  diagnostic.o [4]
    .rodata              const     0x802'6cd8          4       0x8  diagnostic.o [4]
    .rodata              const     0x802'6ce0          4      0x18  diagnostic.o [4]
    .rodata              const     0x802'6cf8          4      0x48  diagnostic.o [4]
    .rodata              const     0x802'6d40          4      0x30  diagnostic.o [4]
    .rodata              const     0x802'6d70          4       0x8  diagnostic.o [4]
    .rodata              const     0x802'6d78          4      0x1c  diagnostic.o [4]
    .rodata              const     0x802'6d94          4      0x24  diagnostic.o [4]
    .rodata              const     0x802'6db8          4       0xc  diagnostic.o [4]
    .rodata              const     0x802'6dc4          4      0x68  diagnostic.o [4]
    .rodata              const     0x802'6e2c          4      0x10  diagnostic.o [4]
    .rodata              const     0x802'6e3c          4      0x44  diagnostic.o [4]
    .rodata              const     0x802'6e80          4      0xc0  diagnostic.o [4]
    .rodata              const     0x802'6f40          4      0x1c  ember-base-configuration.o [4]
    .rodata              const     0x802'6f5c          4      0x24  ember-printf.o [4]
    .rodata              const     0x802'6f80          4       0x8  interpan.o [3]
    .rodata              const     0x802'6f88          4       0x8  mfg-token.o [4]
    .rodata              const     0x802'6f90          4      0x2c  micro.o [4]
    .rodata              const     0x802'6fbc          4       0x4  micro.o [4]
    .rodata              const     0x802'6fc0          4      0x58  micro.o [4]
    .rodata              const     0x802'7018          4      0x20  micro.o [4]
    .rodata              const     0x802'7038          4       0x8  micro.o [4]
    .rodata              const     0x802'7040          4       0xc  micro.o [4]
    .rodata              const     0x802'704c          4       0xc  micro.o [4]
    .rodata              const     0x802'7058          4       0xc  micro.o [4]
    .rodata              const     0x802'7064          4       0x8  micro.o [4]
    .rodata              const     0x802'706c          4       0xc  micro.o [4]
    .rodata              const     0x802'7078          4      0x10  micro.o [4]
    .rodata              const     0x802'7088          4      0x20  micro.o [4]
    .rodata              const     0x802'70a8          4      0x2c  micro.o [4]
    .rodata              const     0x802'70d4          4       0xc  micro.o [4]
    .rodata              const     0x802'70e0          4      0x10  network-steering.o [3]
    .rodata              const     0x802'70f0          4      0x10  network-steering.o [3]
    .rodata              const     0x802'7100          4      0x1c  security-address-cache.o [3]
    .rodata              const     0x802'711c          4       0x8  serial.o [4]
    .rodata              const     0x802'7124          4       0x8  serial.o [4]
    .rodata              const     0x802'712c          4       0x4  serial.o [4]
    .rodata              const     0x802'7130          4      0x1c  sim-eeprom2.o [4]
    .rodata              const     0x802'714c          4      0x30  sim-eeprom2.o [4]
    .rodata              const     0x802'717c          4       0x4  sim-eeprom2.o [4]
    .rodata              const     0x802'7180          4      0x28  sim-eeprom2.o [4]
    .rodata              const     0x802'71a8          4       0x8  sleep.o [4]
    .rodata              const     0x802'71b0          4      0x50  token-def.o [4]
    .rodata              const     0x802'7200          4      0x28  token-def.o [4]
    .rodata              const     0x802'7228          4      0x28  token-def.o [4]
    .rodata              const     0x802'7250          4      0x28  token-def.o [4]
    .rodata              const     0x802'7278          4      0x14  token-def.o [4]
    .rodata              const     0x802'728c          4      0x10  token-def.o [4]
    .rodata              const     0x802'729c          4      0x1c  token-def.o [4]
    .rodata              const     0x802'72b8          4       0x8  token-def.o [4]
    .rodata              const     0x802'72c0          4       0xc  token-def.o [4]
    .rodata              const     0x802'72cc          4      0x18  token-def.o [4]
    .rodata              const     0x802'72e4          4       0x4  token-def.o [4]
    .rodata              const     0x802'72e8          4      0x10  token-def.o [4]
    .rodata              const     0x802'72f8          4       0x8  token-def.o [4]
    .rodata              const     0x802'7300          4       0xc  token-def.o [4]
    .rodata              const     0x802'730c          4      0x5c  token-def.o [4]
    .rodata              const     0x802'7368          4      0x10  token-def.o [4]
    .rodata              const     0x802'7378          4      0x28  token-def.o [4]
    .rodata              const     0x802'73a0          4      0x14  token-def.o [4]
    .rodata              const     0x802'73b4          4      0x34  token-def.o [4]
    .rodata              const     0x802'73e8          4       0x4  token-def.o [4]
    .rodata              const     0x802'73ec          4      0x30  token-def.o [4]
    .rodata              const     0x802'741c          4      0x18  token-def.o [4]
    .rodata              const     0x802'7434          4      0xa0  token-def.o [4]
    .rodata              const     0x802'74d4          4       0x4  token.o [4]
    .rodata              const     0x802'74d8          4       0x8  token.o [4]
    .rodata              const     0x802'74e0          4       0x8  uart.o [4]
    .rodata              const     0x802'74e8          4      0x14  uart.o [4]
    .rodata              const     0x802'74fc          4      0x20  util.o [3]
    .rodata              const     0x802'751c          4      0x14  util.o [3]
    .rodata              const     0x802'7530          4       0x1  binding-table.o [5]
    .rodata              const     0x802'7532          2       0x2  af-main-common.o [3]
    .rodata              const     0x802'7534          4       0x1  trust-center-util.o [26]
    .rodata              const     0x802'7535                  0x1  app_callbacks.o [1]
    .rodata              const     0x802'7536          2       0x2  attribute-storage.o [3]
    .rodata              const     0x802'7538          2       0x2  attribute-storage.o [3]
    .rodata              const     0x802'753a          2       0x2  attribute-storage.o [3]
    .rodata              const     0x802'753c          2       0x2  ember-configuration.o [3]
    .rodata              const     0x802'753e          2       0x2  mfg-token.o [4]
    .rodata              const     0x802'7540          2       0x2  mfg-token.o [4]
    .rodata              const     0x802'7542          2       0x2  mfg-token.o [4]
    .rodata              const     0x802'7544          2       0x2  mfg-token.o [4]
    .rodata              const     0x802'7546          2       0x2  mfg-token.o [4]
    .rodata              const     0x802'7548          2       0x2  mfg-token.o [4]
    .rodata              const     0x802'754a          2       0x2  mfg-token.o [4]
    .rodata              const     0x802'754c          2       0x2  mfg-token.o [4]
    .rodata              const     0x802'754e          2       0x2  mfg-token.o [4]
    .rodata              const     0x802'7550          2       0x2  mfg-token.o [4]
    .rodata              const     0x802'7552          2       0x2  mfg-token.o [4]
    .rodata              const     0x802'7554          2       0x2  mfg-token.o [4]
    .rodata              const     0x802'7556          2       0x2  mfg-token.o [4]
    .rodata              const     0x802'7558          2       0x2  sim-eeprom2.o [4]
    .rodata              const     0x802'755a          2       0x2  sim-eeprom2.o [4]
    .rodata              const     0x802'755c          2       0x2  sim-eeprom2.o [4]
    .rodata              const     0x802'755e          2       0x2  sim-eeprom2.o [4]
    .rodata              const     0x802'7560          2       0x2  sim-eeprom2.o [4]
    .rodata              const     0x802'7562          2       0x2  sim-eeprom2.o [4]
    .rodata              const     0x802'7564          2       0x2  sim-eeprom2.o [4]
    .rodata              const     0x802'7566          2       0x2  sim-eeprom2.o [4]
    .rodata              const     0x802'7568          2       0x2  sim-eeprom2.o [4]
    .rodata              const     0x802'756a          2       0x2  token-def.o [4]
    .rodata              const     0x802'756c                  0x1  attribute-storage.o [3]
    .rodata              const     0x802'756d                  0x1  ember-configuration.o [3]
    .rodata              const     0x802'756e                  0x1  sim-eeprom2.o [4]
    .rodata              const     0x802'756f                  0x1  token-def.o [4]
    .rodata              const     0x802'7570                  0x1  token-def.o [4]
    .rodata              const     0x802'7571                  0x0  zero_init3.o [21]
    .rodata              const     0x802'7571                  0x0  lz77_init_single.o [21]
    .data_init                     0x802'7571                0x256  <Block>
      Initializer bytes  const     0x802'7571                0x256  <for rw section .data-1>
    .iar.init_table      const     0x802'77c8          4      0x30  - Linker created -
                                 - 0x802'77f8             0x2'36f8

"SIMEE&LOCKBITS":                                           0x9000
  SIMEE                            0x807'7000               0x9000  <Block>
    SIMEE                uninit    0x807'7000          4    0x9000  sim-eeprom2.o [4]
                                 - 0x808'0000               0x9000

"FAT":                                                        0x2c
  FAT                    uninit    0x808'0000          4      0x2c  cstartup-common.o [4]
                                 - 0x808'002c                 0x2c

"ResetHeap":                                                0x10e0
  RESETHEAP                       0x2000'0000               0x10e0  <Block>
    RESETINFO                     0x2000'0000                 0x98  <Block>
      RESETINFO          rw data  0x2000'0000                  0x0  faults.o [4]
      RESETINFO          rw data  0x2000'0000                  0x0  isr-stubs.o [4]
      RESETINFO          rw data  0x2000'0000                  0x0  spmr.o [16]
      RESETINFO          rw data  0x2000'0000                  0x0  context-switch.o [16]
      RESETINFO          uninit   0x2000'0000          4      0x98  cstartup-common.o [4]
    ALIGN_EMHEAP                  0x2000'0098          8    0x1048  <Block>
      EMHEAP                      0x2000'0098               0x1048  <Block>
        EMHEAP           uninit   0x2000'0098          4    0x1048  ember-configuration.o [3]
                                - 0x2000'10e0               0x10e0

"Guard":                                                      0x20
  GUARD_REGION           zero     0x2000'10e0         32      0x20  cstartup-common.o [4]
                                - 0x2000'1100                 0x20

"APP rw":                                                   0x1c3c
  APPRW_block                     0x2000'63b0               0x1c3c  <Block>
    ALIGN_CSTACK                  0x2000'63b0          8     0x960  <Block>
      CSTACK                      0x2000'63b0                0x960  <Block>
        CSTACK           rw data  0x2000'63b0                  0x0  faults.o [4]
        CSTACK           rw data  0x2000'63b0                  0x0  isr-stubs.o [4]
        CSTACK           rw data  0x2000'63b0                  0x0  spmr.o [16]
        CSTACK           rw data  0x2000'63b0                  0x0  context-switch.o [16]
        CSTACK           uninit   0x2000'63b0          4     0x960  cstartup-common.o [4]
    rw section .data-1            0x2000'6d10                0x2d0  <Init block>
      .data              inited   0x2000'6d10          4      0x30  af-event.o [3]
      .data              inited   0x2000'6d40          4       0x4  ember-configuration.o [3]
      .data              inited   0x2000'6d44          4       0x4  ember-configuration.o [3]
      .data              inited   0x2000'6d48          4       0x4  ember-configuration.o [3]
      .data              inited   0x2000'6d4c          4       0x4  ember-configuration.o [3]
      .data              inited   0x2000'6d50          4       0x4  ember-configuration.o [3]
      .data              inited   0x2000'6d54          4       0x4  ember-configuration.o [3]
      .data              inited   0x2000'6d58          4       0x4  ember-configuration.o [3]
      .data              inited   0x2000'6d5c          4       0x4  ember-configuration.o [3]
      .data              inited   0x2000'6d60          4       0x4  ember-configuration.o [3]
      .data              inited   0x2000'6d64          4       0x4  ember-configuration.o [3]
      .data              inited   0x2000'6d68          4       0x4  ember-configuration.o [3]
      .data              inited   0x2000'6d6c          4       0x4  ember-configuration.o [3]
      .data              inited   0x2000'6d70          4       0x4  ember-configuration.o [3]
      .data              inited   0x2000'6d74          4       0x4  ember-configuration.o [3]
      .data              inited   0x2000'6d78          4       0x4  ember-configuration.o [3]
      .data              inited   0x2000'6d7c          4       0x4  ember-configuration.o [3]
      .data              inited   0x2000'6d80          4       0x4  ember-configuration.o [3]
      .data              inited   0x2000'6d84          4       0x4  ember-configuration.o [3]
      .data              inited   0x2000'6d88          4       0x4  ember-configuration.o [3]
      .data              inited   0x2000'6d8c          4       0x4  ember-configuration.o [3]
      .data              inited   0x2000'6d90          4       0x4  ember-configuration.o [3]
      .data              inited   0x2000'6d94          4       0x4  ember-configuration.o [3]
      .data              inited   0x2000'6d98          4       0x4  ember-configuration.o [3]
      .data              inited   0x2000'6d9c          4       0x4  ember-configuration.o [3]
      .data              inited   0x2000'6da0          4       0xc  micro.o [4]
      .data              inited   0x2000'6dac          4       0x4  micro.o [4]
      .data              inited   0x2000'6db0          4       0xc  micro.o [4]
      .data              inited   0x2000'6dbc          4       0x4  micro.o [4]
      .data              inited   0x2000'6dc0          4      0x40  mpu.o [4]
      .data              inited   0x2000'6e00          4       0x4  network-steering.o [3]
      .data              inited   0x2000'6e04          4       0x4  network-steering.o [3]
      .data              inited   0x2000'6e08          4      0x10  serial.o [4]
      .data              inited   0x2000'6e18          4      0x10  serial.o [4]
      .data              inited   0x2000'6e28          4       0x4  sim-eeprom2.o [4]
      .data              inited   0x2000'6e2c          4      0x10  uart.o [4]
      .data              inited   0x2000'6e3c          4       0x4  uart.o [4]
      .data              inited   0x2000'6e40          4       0xe  analogue.o [26]
      .data              inited   0x2000'6e50          4       0x4  buffer-management.o [26]
      .data              inited   0x2000'6e54          4       0x4  association.o [26]
      .data              inited   0x2000'6e58          4       0x8  zigbee-stack.o [26]
      .data              inited   0x2000'6e60          4      0xd8  zigbee-stack.o [26]
      .data              inited   0x2000'6f38          4       0xc  application-support.o [26]
      .data              inited   0x2000'6f44          4       0x4  micro-internal.o [16]
      .data              inited   0x2000'6f48          4      0x18  sim-eeprom2-internal.o [24]
      .data              inited   0x2000'6f60          4       0x4  beacon-handling.o [26]
      .data              inited   0x2000'6f64          4       0x4  mac-flat-header.o [26]
      .data              inited   0x2000'6f68          4       0x8  scan.o [26]
      .data              inited   0x2000'6f70          2       0x2  ember-configuration.o [3]
      .data              inited   0x2000'6f72          2       0x2  ember-configuration.o [3]
      .data              inited   0x2000'6f74          2       0x2  ember-configuration.o [3]
      .data              inited   0x2000'6f76          2       0x2  ember-configuration.o [3]
      .data              inited   0x2000'6f78          2       0x2  random.o [4]
      .data              inited   0x2000'6f7a          2       0x2  random.o [4]
      .data              inited   0x2000'6f7c          2       0x2  aps-security.o [26]
      .data              inited   0x2000'6f7e          2       0x8  zigbee-device.o [26]
      .data              inited   0x2000'6f86          2       0x2  leave.o [26]
      .data              inited   0x2000'6f88          2       0x2  lower-mac-ember-phy.o [26]
      .data              inited   0x2000'6f8a          2       0x6  clocks.o [16]
      .data              inited   0x2000'6f90          2       0x4  analogue-mod-dac.o [26]
      .data              inited   0x2000'6f94          2       0xc  phy-common.o [26]
      .data              inited   0x2000'6fa0          2       0x2  child-handling.o [26]
      .data              inited   0x2000'6fa2          2       0x2  management.o [26]
      .data              inited   0x2000'6fa4          2       0x2  zigbee-mac-header.o [26]
      .data              inited   0x2000'6fa6          2       0x2  mac-command.o [26]
      .data              inited   0x2000'6fa8                  0x1  ember-configuration.o [3]
      .data              inited   0x2000'6fa9                  0x1  ember-configuration.o [3]
      .data              inited   0x2000'6faa                  0x1  ember-configuration.o [3]
      .data              inited   0x2000'6fab                  0x1  ember-configuration.o [3]
      .data              inited   0x2000'6fac                  0x1  ember-configuration.o [3]
      .data              inited   0x2000'6fad                  0x1  ember-configuration.o [3]
      .data              inited   0x2000'6fae                  0x1  ember-configuration.o [3]
      .data              inited   0x2000'6faf                  0x1  ember-configuration.o [3]
      .data              inited   0x2000'6fb0                  0x1  ember-configuration.o [3]
      .data              inited   0x2000'6fb1                  0x1  ember-configuration.o [3]
      .data              inited   0x2000'6fb2                  0x1  ember-configuration.o [3]
      .data              inited   0x2000'6fb3                  0x1  ember-configuration.o [3]
      .data              inited   0x2000'6fb4                  0x1  ember-configuration.o [3]
      .data              inited   0x2000'6fb5                  0x1  ember-configuration.o [3]
      .data              inited   0x2000'6fb6                  0x1  ember-configuration.o [3]
      .data              inited   0x2000'6fb7                  0x1  ember-configuration.o [3]
      .data              inited   0x2000'6fb8                  0x1  ember-configuration.o [3]
      .data              inited   0x2000'6fb9                  0x1  ember-configuration.o [3]
      .data              inited   0x2000'6fba                  0x1  ember-configuration.o [3]
      .data              inited   0x2000'6fbb                  0x1  ember-configuration.o [3]
      .data              inited   0x2000'6fbc                  0x1  ember-configuration.o [3]
      .data              inited   0x2000'6fbd                  0x1  ember-configuration.o [3]
      .data              inited   0x2000'6fbe                  0x1  ember-configuration.o [3]
      .data              inited   0x2000'6fbf                  0x1  ember-configuration.o [3]
      .data              inited   0x2000'6fc0                  0x1  ember-configuration.o [3]
      .data              inited   0x2000'6fc1                  0x1  util.o [3]
      .data              inited   0x2000'6fc2                  0x1  util.o [3]
      .data              inited   0x2000'6fc3                  0x1  util.o [3]
      .data              inited   0x2000'6fc4                  0x1  zigbee-device-common.o [3]
      .data              inited   0x2000'6fc5                  0x2  analogue.o [26]
[...]
sl_mac_indirect_event_handler
                         0x800'732d    0x34  Code  Gb  indirect-queue.o [26]
sl_mac_indirect_process_poll
                         0x800'70ed   0x122  Code  Gb  indirect-queue.o [26]
sl_mac_indirect_purge    0x800'7361     0x8  Code  Gb  indirect-queue.o [26]
sl_mac_indirect_queue_init
                         0x800'6fdd    0x10  Code  Gb  indirect-queue.o [26]
sl_mac_indirect_submit   0x800'7007    0xa8  Code  Gb  indirect-queue.o [26]
sl_mac_indirect_transmit_complete
                         0x800'7279    0xb4  Code  Gb  indirect-queue.o [26]
sl_mac_init              0x800'7c4f    0xaa  Code  Gb  upper-mac.o [26]
sl_mac_is_data_packet    0x800'b641    0x18  Code  Gb  mac-packet-header.o [26]
sl_mac_kickstart         0x800'8037     0x8  Code  Gb  upper-mac.o [26]
sl_mac_long_id_data_pending
                         0x800'70af    0x3e  Code  Gb  indirect-queue.o [26]
sl_mac_lower_mac_cancel_symbol_timer
                         0x800'8805     0x8  Code  Gb  lower-mac-ember-phy.o [26]
sl_mac_lower_mac_channel_is_valid
                         0x800'8a25    0x14  Code  Gb  lower-mac-ember-phy.o [26]
sl_mac_lower_mac_get_radio_channel
                         0x800'8999     0x4  Code  Gb  lower-mac-ember-phy.o [26]
sl_mac_lower_mac_get_radio_power
                         0x800'8995     0x4  Code  Gb  lower-mac-ember-phy.o [26]
sl_mac_lower_mac_init    0x800'8595    0x1a  Code  Gb  lower-mac-ember-phy.o [26]
sl_mac_lower_mac_is_expecting_data
                         0x800'897f    0x10  Code  Gb  lower-mac-ember-phy.o [26]
sl_mac_lower_mac_is_idle
                         0x800'893b     0xc  Code  Gb  lower-mac-ember-phy.o [26]
sl_mac_lower_mac_radio_is_on
                         0x800'89ad     0x6  Code  Gb  lower-mac-ember-phy.o [26]
sl_mac_lower_mac_schedule_symbol_timer
                         0x800'87ef    0x16  Code  Gb  lower-mac-ember-phy.o [26]
sl_mac_lower_mac_send    0x800'87b9    0x30  Code  Gb  lower-mac-ember-phy.o [26]
sl_mac_lower_mac_set_eui64
                         0x800'89c1     0x4  Code  Gb  lower-mac-ember-phy.o [26]
sl_mac_lower_mac_set_node_id
                         0x800'89bb     0x6  Code  Gb  lower-mac-ember-phy.o [26]
sl_mac_lower_mac_set_pan_id
                         0x800'89a3     0x6  Code  Gb  lower-mac-ember-phy.o [26]
sl_mac_lower_mac_set_radio_channel
                         0x800'899d     0x6  Code  Gb  lower-mac-ember-phy.o [26]
sl_mac_lower_mac_set_radio_idle_mode
                         0x800'8947     0x6  Code  Gb  lower-mac-ember-phy.o [26]
sl_mac_lower_mac_set_radio_power
                         0x800'898f     0x6  Code  Gb  lower-mac-ember-phy.o [26]
sl_mac_lower_mac_tick    0x800'8729    0x10  Code  Gb  lower-mac-ember-phy.o [26]
sl_mac_lqi               0x800'b731     0xa  Code  Gb  mac-packet-header.o [26]
sl_mac_make_association_request
                         0x800'c18f    0x3c  Code  Gb  mac-command.o [26]
sl_mac_make_association_response
                         0x800'c1cb    0x4a  Code  Gb  mac-command.o [26]
sl_mac_make_beacon       0x800'c379    0x9c  Code  Gb  mac-command.o [26]
sl_mac_make_beacon_request
                         0x800'c2d3    0x3a  Code  Gb  mac-command.o [26]
sl_mac_make_command      0x800'c045   0x14a  Code  Gb  mac-command.o [26]
sl_mac_make_coordinator_realign
                         0x800'c315    0x5c  Code  Gb  mac-command.o [26]
sl_mac_make_data_message
                         0x800'b77f    0x52  Code  Gb  mac-packet-header.o [26]
sl_mac_make_data_request
                         0x800'c215    0x7a  Code  Gb  mac-command.o [26]
sl_mac_make_enhanced_beacon
                         0x800'c415    0xda  Code  Gb  mac-command.o [26]
sl_mac_make_orphan_notification
                         0x800'c2a1    0x32  Code  Gb  mac-command.o [26]
sl_mac_make_raw_message
                         0x800'b7d1    0x4a  Code  Gb  mac-packet-header.o [26]
sl_mac_mark_indirect_buffers
                         0x800'6fed    0x1a  Code  Gb  indirect-queue.o [26]
sl_mac_mark_scan_buffer
                         0x800'e61b     0x8  Code  Gb  scan.o [26]
sl_mac_mark_upper_mac_buffers
                         0x800'7c25    0x2a  Code  Gb  upper-mac.o [26]
sl_mac_multi_network_poll_pending
                         0x800'bd01    0x14  Code  Gb  multi-network.o [26]
sl_mac_network_poll_queue
                        0x2000'7f7a     0x2  Data  Gb  multi-network.o [26]
sl_mac_notify_mac_is_idle
                         0x800'81e7     0x4  Code  Gb  upper-mac.o [26]
sl_mac_nwk_index         0x800'b727     0xa  Code  Gb  mac-packet-header.o [26]
sl_mac_nwk_index_for_stack
                        0x2000'6fdf     0x1  Data  Gb  multi-network.o [26]
sl_mac_packet_send_complete_callback
                         0x800'81b5    0x32  Code  Gb  upper-mac.o [26]
sl_mac_payload_length    0x800'b825     0xc  Code  Gb  mac-packet-header.o [26]
sl_mac_payload_pointer   0x800'b81b     0xa  Code  Gb  mac-packet-header.o [26]
sl_mac_prepare_transmit
                         0x800'83a1    0xc6  Code  Gb  upper-mac.o [26]
sl_mac_radio_energy_detection
                         0x800'89a9     0x4  Code  Gb  lower-mac-ember-phy.o [26]
sl_mac_radio_receive_mac_header_callback
                         0x800'c709   0x1a0  Code  Gb  mac-header.o [26]
sl_mac_raw_active_scan   0x800'e5c3    0x46  Code  Gb  scan.o [26]
sl_mac_receive_callback
                         0x800'81eb   0x188  Code  Gb  upper-mac.o [26]
sl_mac_remove_child      0x800'7783    0x34  Code  Gb  mac-child.o [26]
sl_mac_request_poll      0x800'8095    0x2a  Code  Gb  upper-mac.o [26]
sl_mac_resume_operation
                         0x800'7f29    0x2e  Code  Gb  upper-mac.o [26]
sl_mac_rssi              0x800'b73b     0xc  Code  Gb  mac-packet-header.o [26]
sl_mac_scan_complete_callback
                        0x2000'7dc4     0x4  Data  Gb  scan.o [26]
sl_mac_scan_event       0x2000'7da4     0x8  Data  Gb  scan.o [26]
sl_mac_scan_event_handler
                         0x800'e739    0xec  Code  Gb  scan.o [26]
sl_mac_scan_pending      0x800'e609    0x12  Code  Gb  scan.o [26]
sl_mac_scan_request_callback
                        0x2000'6f6c     0x4  Data  Gb  scan.o [26]
sl_mac_schedule_symbol_timer
                         0x800'8471    0x1e  Code  Gb  upper-mac.o [26]
sl_mac_send_raw_message
                         0x800'849b    0x5c  Code  Gb  upper-mac.o [26]
sl_mac_set_child_flag    0x800'7a2b    0x52  Code  Gb  mac-child.o [26]
sl_mac_set_child_id      0x800'7905    0x22  Code  Gb  mac-child.o [26]
sl_mac_set_destination   0x800'b68d     0xa  Code  Gb  mac-packet-header.o [26]
sl_mac_set_filter_match_list
                         0x800'c5f5     0xe  Code  Gb  mac-header.o [26]
sl_mac_set_lqi           0x800'b75b     0xa  Code  Gb  mac-packet-header.o [26]
sl_mac_set_nwk_radio_parameters
                         0x800'7d2b    0xa0  Code  Gb  upper-mac.o [26]
sl_mac_set_rssi          0x800'b76b     0xa  Code  Gb  mac-packet-header.o [26]
sl_mac_set_sleepy_children_flags
                         0x800'7a7d    0x44  Code  Gb  mac-child.o [26]
sl_mac_set_timestamp     0x800'b775     0xa  Code  Gb  mac-packet-header.o [26]
sl_mac_source            0x800'b6dd    0x16  Code  Gb  mac-packet-header.o [26]
sl_mac_source_mode       0x800'b6af    0x1c  Code  Gb  mac-packet-header.o [26]
sl_mac_source_pointer    0x800'b705    0x16  Code  Gb  mac-packet-header.o [26]
sl_mac_stack_filter_list
                        0x2000'7a70     0x4  Data  Gb  mac-header.o [26]
sl_mac_submit            0x800'80d9    0x72  Code  Gb  upper-mac.o [26]
sl_mac_suspend_operation
                         0x800'7eff    0x2a  Code  Gb  upper-mac.o [26]
sl_mac_symbol_timer_expired_handler_isr
                         0x800'8375    0x20  Code  Gb  upper-mac.o [26]
sl_mac_timestamp         0x800'b751     0xa  Code  Gb  mac-packet-header.o [26]
sl_mac_upper_mac_is_empty
                         0x800'8531    0x3a  Code  Gb  upper-mac.o [26]
sl_mac_upper_mac_state  0x2000'7b5c   0x170  Data  Gb  upper-mac.o [26]
sl_next_channel         0x2000'7d9e     0x1  Data  Lc  scan.o [26]
sl_scan_channel_mask    0x2000'7db8     0x4  Data  Lc  scan.o [26]
sl_scan_duration        0x2000'7d9f     0x1  Data  Lc  scan.o [26]
sl_scan_frame_counter   0x2000'7db4     0x4  Data  Lc  scan.o [26]
sl_scan_timer_handler    0x800'e85d    0x78  Code  Gb  scan.o [26]
sl_scan_transmit_retries
                        0x2000'7da0     0x1  Data  Lc  scan.o [26]
sl_scan_type            0x2000'7d9d     0x1  Data  Lc  scan.o [26]
sl_zll_scan_attempts    0x2000'6fcd     0x1  Data  Lc  zigbee-scan.o [26]
sleepTimerInterruptOccurred
                        0x2000'7fc6     0x1  Data  Gb  system-timer.o [16]
sleepTimerWrapCounter   0x2000'7a6c     0x4  Data  Gb  system-timer.o [16]
sleepyBroadcastInfo     0x2000'7b2c     0x1  Data  Lc  jit.o [26]
sli_mac_energy_scan      0x800'e591    0x32  Code  Gb  scan.o [26]
sli_mac_energy_scan_complete_callback
                        0x2000'7dc8     0x4  Data  Gb  scan.o [26]
sli_mac_filter_match_check
                         0x800'c603   0x104  Code  Gb  mac-header.o [26]
sli_mac_get_current_child_table_network_index
                         0x800'7b53    0x16  Code  Gb  mac-child.o [26]
sli_mac_init_child_table_pointers
                         0x800'7b3b    0x18  Code  Gb  mac-child.o [26]
sli_mac_pop_child_table_pointer
                         0x800'7bd5    0x38  Code  Gb  mac-child.o [26]
sli_mac_push_child_table_pointer
                         0x800'7b69    0x6c  Code  Gb  mac-child.o [26]
sli_mac_send_poll        0x800'803f    0x56  Code  Gb  upper-mac.o [26]
sli_scan_stop            0x800'e825    0x38  Code  Gb  scan.o [26]
sli_set_lower_mac_params_to_concurrent_networks
                         0x800'7e59    0x44  Code  Gb  upper-mac.o [26]
sli_set_lower_mac_params_to_current_network
                         0x800'7e9d    0x3c  Code  Gb  upper-mac.o [26]
sli_upper_mac_update_lower_mac_params
                         0x800'7dcb    0x1c  Code  Gb  upper-mac.o [26]
sli_zigbee_make_enhanced_beacon_payload_info
                         0x801'9cb3    0x2c  Code  Gb  beacon-handling.o [26]
soFullRepairIsNeeded    0x2000'7a79     0x1  Data  Lc  sim-eeprom2-internal.o [24]
sparePage               0x2000'7a84     0x4  Data  Gb  sim-eeprom2-internal.o [24]
spreadModDac1           0x2000'7f66     0x2  Data  Lc  analogue-mod-dac.o [26]
spreadModDac2           0x2000'7f68     0x2  Data  Lc  analogue-mod-dac.o [26]
stackEvents             0x2000'6e60    0xd8  Data  Gb  zigbee-stack.o [26]
stackTokenInfo           0x801'2b5c    0x3c  Data  Lc  token-cache.o [26]
startNetworkOperation    0x800'feb5    0x6c  Code  Lc  association.o [26]
startTransmission        0x800'8739    0x34  Code  Lc  lower-mac-ember-phy.o [26]
start_boot_status_animation
                         0x801'2ebb    0x2a  Code  Lc  app_callbacks.o [1]
start_channel_scan       0x800'e8e9    0x6c  Code  Lc  scan.o [26]
stateMachineRun          0x802'1f8b    0xa8  Code  Lc  network-steering.o [3]
states                  0x2000'7848    0x40  Data  Lc  service-discovery-common.o [3]
statesInitialized       0x2000'7faf     0x1  Data  Lc  service-discovery-common.o [3]
staticCmd                0x802'74fc    0x20  Data  Lc  util.o [3]
stop_boot_status_animation
                         0x801'2ee5    0x30  Code  Lc  app_callbacks.o [1]
storeAndForwardDelayCount
                        0x2000'7dec     0x1  Data  Lc  store-forward.o [26]
storeAndForwardSubmitCount
                        0x2000'7ded     0x1  Data  Lc  store-forward.o [26]
storedKeysList          0x2000'7d08     0x2  Data  Lc  aps-keys-transient.o [22]
storedNetworks          0x2000'7e40     0x2  Data  Lc  network-steering-soc.o [3]
strcmp                   0x800'daf9          Code  Gb  strcmp.o [21]
strongRandomReseedCount
                        0x2000'7b0c     0x4  Data  Lc  phy.o [26]
submitCount             0x2000'7d2d     0x1  Data  Lc  retry.o [26]
superRetriesIntervalForMacDataPoll
                        0x2000'7b50     0x4  Data  Lc  network.o [26]
swo_write_byte           0x800'a9c5    0x20  Code  Lc  debug_basic_em355x.o [1]
swo_write_cstr           0x800'a9e5    0x18  Code  Lc  debug_basic_em355x.o [1]
swo_write_dec16          0x800'aa1d    0x48  Code  Lc  debug_basic_em355x.o [1]
swo_write_hex8           0x800'aa0b    0x12  Code  Lc  debug_basic_em355x.o [1]
swo_write_hex_nibble     0x800'a9fd     0xe  Code  Lc  debug_basic_em355x.o [1]
swo_write_line_end       0x800'aa65    0x10  Code  Lc  debug_basic_em355x.o [1]
symbolDelayCallbacks    0x2000'7e04     0x8  Data  Lc  symbol-timer.o [26]
sync_outputs_and_attributes
                         0x801'2e51    0x2e  Code  Lc  app_callbacks.o [1]
tail                    0x2000'7faa     0x1  Data  Lc  scan-dispatch.o [3]
tcBasedClassificationAlgorithm
                         0x801'9dd3    0x62  Code  Lc  beacon-handling.o [26]
terminateScanRequest     0x802'27a3    0x18  Code  Lc  zdo-channel.o [26]
timeoutPools             0x800'75a7   0x110  Code  Lc  indirect-queue.o [26]
timeoutPtaRxRequest      0x800'4a69    0x16  Code  Lc  phy.o [26]
tokenArraySize           0x802'7250    0x28  Data  Gb  token-def.o [4]
tokenCreators            0x802'71b0    0x50  Data  Gb  token-def.o [4]
tokenDefaults            0x802'7434    0xa0  Data  Gb  token-def.o [4]
tokenFlagsToSizeArray    0x801'f0cc     0x4  Data  Lc  install-code-tokens.o [17]
tokenIsCnt               0x802'7200    0x28  Data  Gb  token-def.o [4]
tokenSize                0x802'7228    0x28  Data  Gb  token-def.o [4]
tokensActive            0x2000'7fb0     0x1  Data  Gb  token.o [4]
totalTokenStorage        0x802'717c     0x4  Data  Gb  sim-eeprom2.o [4]
tracePhase              0x2000'79d0     0x1  Data  Lc  buffer-management.o [26]
transientKeyFinish       0x801'fd8f    0x38  Code  Lc  aps-keys-transient.o [22]
transportKeyFrameSizes   0x802'3220     0x8  Data  Lc  packet-validate.o [20]
tryNextMethod            0x802'1f3b    0x2c  Code  Lc  network-steering.o [3]
tryToJoinNetwork         0x802'1e4b    0x6c  Code  Gb  network-steering.o [3]
txCompleted              0x800'8839    0x1c  Code  Lc  lower-mac-ember-phy.o [26]
txPower                  0x800'4818    0x28  Data  Lc  analogue.o [26]
txStepTimeSnapshot      0x2000'7b16     0x2  Data  Lc  phy-common.o [26]
tx_complete_callback     0x800'e501    0x42  Code  Lc  scan.o [26]
unicastHead             0x2000'7fe9     0x1  Data  Lc  unicast-table.o [26]
unsolicitedChannelReport
                        0x2000'7dda     0x1  Data  Lc  zdo-channel.o [26]
unusedOriginalChannelMaskCache
                        0x2000'7ac0     0x4  Data  Lc  zigbee-scan.o [26]
unusedPanIdCache        0x2000'7ab0     0x2  Data  Lc  zigbee-scan.o [26]
updateTcLinkKeyState    0x2000'7fce     0x1  Data  Lc  aps-keys.o [26]
update_identify_time     0x801'2e07    0x16  Code  Lc  app_callbacks.o [1]
useLegacyTimeoutMethod  0x2000'7fe4     0x1  Data  Gb  child-handling.o [26]
useOsc32k               0x2000'7f9b     0x1  Data  Gb  micro-common.o [4]
useXtalAsIs             0x2000'7fcc     0x1  Data  Lc  clocks.o [16]
useXtalSysTickIsr       0x2000'7fc9     0x1  Data  Gb  clocks.o [16]
userData                0x2000'79e8     0x4  Data  Lc  buffer-management.o [26]
userDataCount           0x2000'79d6     0x2  Data  Lc  buffer-management.o [26]
vFillBuffer              0x801'7595   0x13c  Code  Lc  client-api.o [3]
vcoLastTuneValueAvailable
                        0x2000'7fd7     0x1  Data  Gb  analogue-vco.o [26]
vcoTuneModDacError       0x800'6769    0x24  Code  Lc  analogue-mod-dac.o [26]
verifyFib                0x800'c9ed    0x20  Code  Lc  flash.o [16]
vpaStruct               0x2000'6f48     0x8  Data  Gb  sim-eeprom2-internal.o [24]
vpbStruct               0x2000'6f50     0x8  Data  Gb  sim-eeprom2-internal.o [24]
vpcStruct               0x2000'6f58     0x8  Data  Gb  sim-eeprom2-internal.o [24]
wakeupXtalState         0x2000'7fcb     0x1  Data  Gb  clocks.o [16]
walkDelayQueue           0x801'dc6d    0xd2  Code  Lc  retry.o [26]
walkStoreAndForwardQueue
                         0x802'3995   0x10c  Code  Lc  store-forward.o [26]
writeMessage             0x801'6dc3    0xaa  Code  Lc  legacy-packet-buffer.o [26]
writeNewTokenData        0x800'9a45    0x8e  Code  Lc  sim-eeprom2-internal.o [24]
writeStoredTokDefsToNext
                         0x800'9429    0x66  Code  Lc  sim-eeprom2-internal.o [24]
writeVpMgmtToNext        0x800'98d5   0x156  Code  Lc  sim-eeprom2-internal.o [24]
write_effective_output   0x802'1afd    0x46  Code  Lc  rgbw_driver_em355x.o [1]
write_hue                0x802'331f     0xe  Code  Lc  call-command-handler.o [2]
write_on_off             0x802'3307    0x18  Code  Lc  call-command-handler.o [2]
write_saturation         0x802'332d     0xc  Code  Lc  call-command-handler.o [2]
write_string_attribute   0x802'1c1d    0x4a  Code  Lc  endpoints.o [1]
write_u16_attribute      0x802'1c0f     0x4  Code  Lc  endpoints.o [1]
write_u16_color_attr     0x802'3345    0x16  Code  Lc  call-command-handler.o [2]
write_u8_attribute       0x802'1c09     0x6  Code  Lc  endpoints.o [1]
xtalAboveLoThresholdUs  0x2000'6f8c     0x2  Data  Gb  clocks.o [16]
xtalUnstable            0x2000'7fca     0x1  Data  Gb  clocks.o [16]
zaTrustCenterSecurityPolicyInit
                         0x801'4191    0x32  Code  Gb  af-trust-center.o [3]
zdoConfigurationModeEnabled
                        0x2000'6fcf     0x1  Data  Gb  zigbee-device-util.o [26]
zero_channels            0x802'4b3d     0xc  Code  Lc  color_math.o [1]
zigDevApsStruct         0x2000'7ad0     0x4  Data  Lc  zigbee-device-util.o [26]
zigDevRequestRadius     0x2000'6fc4     0x1  Data  Gb  zigbee-device-common.o [3]
zigDevRequestSequence   0x2000'7fb9     0x1  Data  Lc  zigbee-device-common.o [3]
zigDevRequestSequence   0x2000'7acc     0x1  Data  Lc  zigbee-device-util.o [26]
zigbeeMacFilterList      0x802'753c     0x2  Data  Gb  ember-configuration.o [3]
zllActiveScanCompleteHandler
                         0x801'd115    0x16  Code  Lc  zigbee-scan.o [26]
zll_channel_stay         0x801'cf9f    0x2e  Code  Gb  zigbee-scan.o [26]
zll_scan_request_callback
                         0x801'cfcd    0xa8  Code  Lc  zigbee-scan.o [26]


[1] = Z:\Users\macbook\Documents\code\silabs\EM3555\build\iar\release\obj\application_7220717732061272824.dir
[2] = Z:\Users\macbook\Documents\code\silabs\EM3555\build\iar\release\obj\autogen_4020999569460366166.dir
[3] = Z:\Users\macbook\Documents\code\silabs\EM3555\build\iar\release\obj\framework_4913715117250599538.dir
[4] = Z:\Users\macbook\Documents\code\silabs\EM3555\build\iar\release\obj\platform_14357307452238843788.dir
[5] = binding-table-library.a
[6] = cbke-163k1-stub-library.a
[7] = cbke-283k1-stub-library.a
[8] = cbke-library-dsa-sign-stub.a
[9] = cbke-library-dsa-verify-283k1-stub.a
[10] = cbke-library-dsa-verify-stub.a
[11] = cbke-stub-library.a
[12] = debug-extended-stub-library.a
[13] = dl7M_tln.a
[14] = end-device-bind-stub-library.a
[15] = gp-stub-library.a
[16] = hal-library.a
[17] = install-code-library.a
[18] = multi-network-stub-library.a
[19] = multi-pan-stub-library.a
[20] = packet-validate-library.a
[21] = rt7M_tl.a
[22] = security-library-link-keys.a
[23] = sim-eeprom2-1to2-upgrade-stub-library.a
[24] = sim-eeprom2-library.a
[25] = source-route-stub-library.a
[26] = zigbee-pro-stack.a
[27] = zigbee-r22-support-library.a
[28] = zll-stub-library.a

  135'788 bytes of readonly  code memory
    9'656 bytes of readonly  data memory
   48'458 bytes of readwrite data memory

Errors: none
Warnings: 1
