###############################################################################
#
# IAR ELF Linker V9.70.2.500/W64 for ARM                  09/Apr/2026  01:53:40
# Copyright 2007-2025 IAR Systems AB.
#
#    Output file  =
#        Z:\Users\macbook\Documents\code\silabs\EM3555\build\iar\debug\exe\em3555-rgbw.out
#    Map file     =
#        Z:\Users\macbook\Documents\code\silabs\EM3555\build\iar\debug\lst\em3555-rgbw.map
#    Command line =
#        --silent -f
#        Z:\Users\macbook\Documents\code\silabs\EM3555\build\iar\debug\exe\em3555-rgbw.out.rsp
#        (Z:\Users\macbook\Documents\code\silabs\EM3555\build\iar\debug\obj\platform_14357307452238843788.dir\adc-em3xx.o
#        Z:\Users\macbook\Documents\code\silabs\EM3555\build\iar\debug\obj\framework_4913715117250599538.dir\af-event.o
#        Z:\Users\macbook\Documents\code\silabs\EM3555\build\iar\debug\obj\framework_4913715117250599538.dir\af-main-common.o
#        Z:\Users\macbook\Documents\code\silabs\EM3555\build\iar\debug\obj\framework_4913715117250599538.dir\af-main-soc.o
#        Z:\Users\macbook\Documents\code\silabs\EM3555\build\iar\debug\obj\framework_4913715117250599538.dir\af-node.o
#        Z:\Users\macbook\Documents\code\silabs\EM3555\build\iar\debug\obj\framework_4913715117250599538.dir\af-security-common.o
#        Z:\Users\macbook\Documents\code\silabs\EM3555\build\iar\debug\obj\framework_4913715117250599538.dir\af-trust-center.o
#        Z:\Users\macbook\Documents\code\silabs\EM3555\build\iar\debug\obj\platform_14357307452238843788.dir\antenna-stub.o
#        Z:\Users\macbook\Documents\code\silabs\EM3555\build\iar\debug\obj\application_7220717732061272824.dir\app_callbacks.o
#        Z:\Users\macbook\Documents\code\silabs\EM3555\build\iar\debug\obj\application_7220717732061272824.dir\app_tokens.o
#        Z:\Users\macbook\Documents\code\silabs\EM3555\build\iar\debug\obj\platform_14357307452238843788.dir\assert-crash-handlers.o
#        Z:\Users\macbook\Documents\code\silabs\EM3555\build\iar\debug\obj\framework_4913715117250599538.dir\attribute-size.o
#        Z:\Users\macbook\Documents\code\silabs\EM3555\build\iar\debug\obj\framework_4913715117250599538.dir\attribute-storage.o
#        Z:\Users\macbook\Documents\code\silabs\EM3555\build\iar\debug\obj\framework_4913715117250599538.dir\attribute-table.o
#        Z:\Users\macbook\Documents\code\silabs\EM3555\build\iar\debug\obj\framework_4913715117250599538.dir\basic.o
#        Z:\Users\macbook\Documents\code\silabs\EM3555\build\legacy-zigbee-stack\build\binding-table-library-cortexm3-iar-em3555-em3xx\binding-table-library.a
#        Z:\Users\macbook\Documents\code\silabs\EM3555\build\iar\debug\obj\autogen_4020999569460366166.dir\bookkeeping-runtime.o
#        Z:\Users\macbook\Documents\code\silabs\EM3555\build\iar\debug\obj\platform_14357307452238843788.dir\bootloader-interface-app.o
#        Z:\Users\macbook\Documents\code\silabs\EM3555\build\iar\debug\obj\platform_14357307452238843788.dir\bootloader-interface.o
#        Z:\Users\macbook\Documents\code\silabs\EM3555\build\iar\debug\obj\platform_14357307452238843788.dir\button.o
#        Z:\Users\macbook\Documents\code\silabs\EM3555\build\iar\debug\obj\autogen_4020999569460366166.dir\call-command-handler.o
#        Z:\Users\macbook\Documents\code\silabs\EM3555\build\iar\debug\obj\autogen_4020999569460366166.dir\callback-stub.o
#        Z:\Users\macbook\Documents\code\silabs\EM3555\build\legacy-zigbee-stack\build\cbke-163k1-stub-library-cortexm3-iar-em3555-em3xx\cbke-163k1-stub-library.a
#        Z:\Users\macbook\Documents\code\silabs\EM3555\build\legacy-zigbee-stack\build\cbke-283k1-stub-library-cortexm3-iar-em3555-em3xx\cbke-283k1-stub-library.a
#        Z:\Users\macbook\Documents\code\silabs\EM3555\build\legacy-zigbee-stack\build\cbke-library-dsa-sign-stub-cortexm3-iar-em3555-em3xx\cbke-library-dsa-sign-stub.a
#        Z:\Users\macbook\Documents\code\silabs\EM3555\build\legacy-zigbee-stack\build\cbke-library-dsa-verify-283k1-stub-cortexm3-iar-em3555-em3xx\cbke-library-dsa-verify-283k1-stub.a
#        Z:\Users\macbook\Documents\code\silabs\EM3555\build\legacy-zigbee-stack\build\cbke-library-dsa-verify-stub-cortexm3-iar-em3555-em3xx\cbke-library-dsa-verify-stub.a
#        Z:\Users\macbook\Documents\code\silabs\EM3555\build\legacy-zigbee-stack\build\cbke-stub-library-cortexm3-iar-em3555-em3xx\cbke-stub-library.a
#        Z:\Users\macbook\Documents\code\silabs\EM3555\build\iar\debug\obj\framework_4913715117250599538.dir\ccm-star.o
#        Z:\Users\macbook\Documents\code\silabs\EM3555\build\iar\debug\obj\framework_4913715117250599538.dir\client-api.o
#        Z:\Users\macbook\Documents\code\silabs\EM3555\build\iar\debug\obj\platform_14357307452238843788.dir\coexistence-802154.o
#        Z:\Users\macbook\Documents\code\silabs\EM3555\build\iar\debug\obj\platform_14357307452238843788.dir\coexistence-hal.o
#        Z:\Users\macbook\Documents\code\silabs\EM3555\build\iar\debug\obj\platform_14357307452238843788.dir\coexistence.o
#        Z:\Users\macbook\Documents\code\silabs\EM3555\build\iar\debug\obj\framework_4913715117250599538.dir\color-control-server.o
#        Z:\Users\macbook\Documents\code\silabs\EM3555\build\iar\debug\obj\application_7220717732061272824.dir\color_math.o
#        Z:\Users\macbook\Documents\code\silabs\EM3555\build\iar\debug\obj\platform_14357307452238843788.dir\coulomb-counter-802154.o
#        Z:\Users\macbook\Documents\code\silabs\EM3555\build\iar\debug\obj\platform_14357307452238843788.dir\crc.o
#        Z:\Users\macbook\Documents\code\silabs\EM3555\build\iar\debug\obj\framework_4913715117250599538.dir\crypto-state.o
#        Z:\Users\macbook\Documents\code\silabs\EM3555\build\iar\debug\obj\platform_14357307452238843788.dir\cstartup-common.o
#        Z:\Users\macbook\Documents\code\silabs\EM3555\build\legacy-zigbee-stack\build\debug-extended-stub-library-cortexm3-iar-em3555-em3xx\debug-extended-stub-library.a
#        Z:\Users\macbook\Documents\code\silabs\EM3555\build\iar\debug\obj\platform_14357307452238843788.dir\debug-jtag-stub.o
#        Z:\Users\macbook\Documents\code\silabs\EM3555\build\iar\debug\obj\application_7220717732061272824.dir\debug_basic_em355x.o
#        Z:\Users\macbook\Documents\code\silabs\EM3555\build\iar\debug\obj\platform_14357307452238843788.dir\diagnostic.o
#        Z:\Users\macbook\Documents\code\silabs\EM3555\build\iar\debug\obj\platform_14357307452238843788.dir\ember-base-configuration.o
#        Z:\Users\macbook\Documents\code\silabs\EM3555\build\iar\debug\obj\framework_4913715117250599538.dir\ember-configuration.o
#        Z:\Users\macbook\Documents\code\silabs\EM3555\build\iar\debug\obj\platform_14357307452238843788.dir\ember-printf.o
#        Z:\Users\macbook\Documents\code\silabs\EM3555\build\legacy-zigbee-stack\build\end-device-bind-stub-library-cortexm3-iar-em3555-em3xx\end-device-bind-stub-library.a
#        Z:\Users\macbook\Documents\code\silabs\EM3555\build\iar\debug\obj\platform_14357307452238843788.dir\endian.o
#        Z:\Users\macbook\Documents\code\silabs\EM3555\build\iar\debug\obj\application_7220717732061272824.dir\endpoints.o
#        Z:\Users\macbook\Documents\code\silabs\EM3555\build\iar\debug\obj\application_7220717732061272824.dir\factory_reset.o
#        Z:\Users\macbook\Documents\code\silabs\EM3555\build\iar\debug\obj\platform_14357307452238843788.dir\faults.o
#        Z:\Users\macbook\Documents\code\silabs\EM3555\build\iar\debug\obj\framework_4913715117250599538.dir\general-response-commands.o
#        Z:\Users\macbook\Documents\code\silabs\EM3555\build\legacy-zigbee-stack\build\gp-stub-library-cortexm3-iar-em3555-em3xx\gp-stub-library.a
#        Z:\Users\macbook\Documents\code\silabs\EM3555\build\iar\debug\obj\framework_4913715117250599538.dir\groups-server.o
#        Z:\Users\macbook\Documents\code\silabs\EM3555\build\legacy-zigbee-stack\build\hal-library-cortexm3-iar-em3555-em3xx\hal-library.a
#        Z:\Users\macbook\Documents\code\silabs\EM3555\build\iar\debug\obj\framework_4913715117250599538.dir\identify.o
#        Z:\Users\macbook\Documents\code\silabs\EM3555\build\legacy-zigbee-stack\build\install-code-library-cortexm3-iar-em3555-em3xx\install-code-library.a
#        Z:\Users\macbook\Documents\code\silabs\EM3555\build\iar\debug\obj\framework_4913715117250599538.dir\interpan-soc.o
#        Z:\Users\macbook\Documents\code\silabs\EM3555\build\iar\debug\obj\framework_4913715117250599538.dir\interpan.o
#        Z:\Users\macbook\Documents\code\silabs\EM3555\build\iar\debug\obj\platform_14357307452238843788.dir\irqToIsrTrampolines_em355x.o
#        Z:\Users\macbook\Documents\code\silabs\EM3555\build\iar\debug\obj\platform_14357307452238843788.dir\isr-stubs.o
#        Z:\Users\macbook\Documents\code\silabs\EM3555\build\iar\debug\obj\platform_14357307452238843788.dir\led.o
#        Z:\Users\macbook\Documents\code\silabs\EM3555\build\iar\debug\obj\application_7220717732061272824.dir\ledvance_vendor.o
#        Z:\Users\macbook\Documents\code\silabs\EM3555\build\iar\debug\obj\framework_4913715117250599538.dir\level-control.o
#        Z:\Users\macbook\Documents\code\silabs\EM3555\build\iar\debug\obj\framework_4913715117250599538.dir\library.o
#        Z:\Users\macbook\Documents\code\silabs\EM3555\build\iar\debug\obj\application_7220717732061272824.dir\light_state.o
#        Z:\Users\macbook\Documents\code\silabs\EM3555\build\iar\debug\obj\platform_14357307452238843788.dir\mem-util.o
#        Z:\Users\macbook\Documents\code\silabs\EM3555\build\iar\debug\obj\framework_4913715117250599538.dir\message.o
#        Z:\Users\macbook\Documents\code\silabs\EM3555\build\iar\debug\obj\platform_14357307452238843788.dir\mfg-token.o
#        Z:\Users\macbook\Documents\code\silabs\EM3555\build\iar\debug\obj\platform_14357307452238843788.dir\micro-common.o
#        Z:\Users\macbook\Documents\code\silabs\EM3555\build\iar\debug\obj\platform_14357307452238843788.dir\micro.o
#        Z:\Users\macbook\Documents\code\silabs\EM3555\build\iar\debug\obj\platform_14357307452238843788.dir\mpu.o
#        Z:\Users\macbook\Documents\code\silabs\EM3555\build\legacy-zigbee-stack\build\multi-network-stub-library-cortexm3-iar-em3555-em3xx\multi-network-stub-library.a
#        Z:\Users\macbook\Documents\code\silabs\EM3555\build\iar\debug\obj\framework_4913715117250599538.dir\multi-network.o
#        Z:\Users\macbook\Documents\code\silabs\EM3555\build\legacy-zigbee-stack\build\multi-pan-stub-library-cortexm3-iar-em3555-em3xx\multi-pan-stub-library.a
#        Z:\Users\macbook\Documents\code\silabs\EM3555\build\iar\debug\obj\framework_4913715117250599538.dir\network-steering-soc.o
#        Z:\Users\macbook\Documents\code\silabs\EM3555\build\iar\debug\obj\framework_4913715117250599538.dir\network-steering.o
#        Z:\Users\macbook\Documents\code\silabs\EM3555\build\iar\debug\obj\framework_4913715117250599538.dir\on-off.o
#        Z:\Users\macbook\Documents\code\silabs\EM3555\build\iar\debug\obj\framework_4913715117250599538.dir\ota-bootload-soc.o
#        Z:\Users\macbook\Documents\code\silabs\EM3555\build\iar\debug\obj\framework_4913715117250599538.dir\ota-client-page-request.o
#        Z:\Users\macbook\Documents\code\silabs\EM3555\build\iar\debug\obj\framework_4913715117250599538.dir\ota-client.o
#        Z:\Users\macbook\Documents\code\silabs\EM3555\build\iar\debug\obj\framework_4913715117250599538.dir\ota-common.o
#        Z:\Users\macbook\Documents\code\silabs\EM3555\build\iar\debug\obj\framework_4913715117250599538.dir\ota-storage-common.o
#        Z:\Users\macbook\Documents\code\silabs\EM3555\build\iar\debug\obj\framework_4913715117250599538.dir\ota-storage-simple.o
#        Z:\Users\macbook\Documents\code\silabs\EM3555\build\iar\debug\obj\application_7220717732061272824.dir\ota_support.o
#        Z:\Users\macbook\Documents\code\silabs\EM3555\build\legacy-zigbee-stack\build\packet-validate-library-cortexm3-iar-em3555-em3xx\packet-validate-library.a
#        Z:\Users\macbook\Documents\code\silabs\EM3555\build\iar\debug\obj\framework_4913715117250599538.dir\print-formatter.o
#        Z:\Users\macbook\Documents\code\silabs\EM3555\build\iar\debug\obj\framework_4913715117250599538.dir\print.o
#        Z:\Users\macbook\Documents\code\silabs\EM3555\build\iar\debug\obj\framework_4913715117250599538.dir\process-cluster-message.o
#        Z:\Users\macbook\Documents\code\silabs\EM3555\build\iar\debug\obj\framework_4913715117250599538.dir\process-global-message.o
#        Z:\Users\macbook\Documents\code\silabs\EM3555\build\iar\debug\obj\platform_14357307452238843788.dir\random.o
#        Z:\Users\macbook\Documents\code\silabs\EM3555\build\iar\debug\obj\framework_4913715117250599538.dir\reporting-default-configuration.o
#        Z:\Users\macbook\Documents\code\silabs\EM3555\build\iar\debug\obj\framework_4913715117250599538.dir\reporting.o
#        Z:\Users\macbook\Documents\code\silabs\EM3555\build\iar\debug\obj\application_7220717732061272824.dir\rgbw_driver_em355x.o
#        Z:\Users\macbook\Documents\code\silabs\EM3555\build\iar\debug\obj\framework_4913715117250599538.dir\scan-dispatch.o
#        Z:\Users\macbook\Documents\code\silabs\EM3555\build\iar\debug\obj\framework_4913715117250599538.dir\scenes.o
#        Z:\Users\macbook\Documents\code\silabs\EM3555\build\iar\debug\obj\framework_4913715117250599538.dir\security-address-cache.o
#        Z:\Users\macbook\Documents\code\silabs\EM3555\build\legacy-zigbee-stack\build\security-library-link-keys-cortexm3-iar-em3555-em3xx\security-library-link-keys.a
#        Z:\Users\macbook\Documents\code\silabs\EM3555\build\iar\debug\obj\platform_14357307452238843788.dir\serial.o
#        Z:\Users\macbook\Documents\code\silabs\EM3555\build\iar\debug\obj\framework_4913715117250599538.dir\service-discovery-common.o
#        Z:\Users\macbook\Documents\code\silabs\EM3555\build\iar\debug\obj\framework_4913715117250599538.dir\service-discovery-soc.o
#        Z:\Users\macbook\Documents\code\silabs\EM3555\build\legacy-zigbee-stack\build\sim-eeprom2-1to2-upgrade-stub-library-cortexm3-iar-em3555-em3xx\sim-eeprom2-1to2-upgrade-stub-library.a
#        Z:\Users\macbook\Documents\code\silabs\EM3555\build\legacy-zigbee-stack\build\sim-eeprom2-library-cortexm3-iar-em3555-em3xx\sim-eeprom2-library.a
#        Z:\Users\macbook\Documents\code\silabs\EM3555\build\iar\debug\obj\platform_14357307452238843788.dir\sim-eeprom2.o
#        Z:\Users\macbook\Documents\code\silabs\EM3555\build\iar\debug\obj\framework_4913715117250599538.dir\simple-main.o
#        Z:\Users\macbook\Documents\code\silabs\EM3555\build\iar\debug\obj\platform_14357307452238843788.dir\sleep.o
#        Z:\Users\macbook\Documents\code\silabs\EM3555\build\legacy-zigbee-stack\build\source-route-stub-library-cortexm3-iar-em3555-em3xx\source-route-stub-library.a
#        Z:\Users\macbook\Documents\code\silabs\EM3555\build\iar\debug\obj\application_7220717732061272824.dir\startup_em355x_rtt.o
#        Z:\Users\macbook\Documents\code\silabs\EM3555\build\iar\debug\obj\framework_4913715117250599538.dir\strong-random-api.o
#        Z:\Users\macbook\Documents\code\silabs\EM3555\build\iar\debug\obj\framework_4913715117250599538.dir\time-util.o
#        Z:\Users\macbook\Documents\code\silabs\EM3555\build\iar\debug\obj\platform_14357307452238843788.dir\token-def.o
#        Z:\Users\macbook\Documents\code\silabs\EM3555\build\iar\debug\obj\platform_14357307452238843788.dir\token.o
#        Z:\Users\macbook\Documents\code\silabs\EM3555\build\iar\debug\obj\platform_14357307452238843788.dir\uart.o
#        Z:\Users\macbook\Documents\code\silabs\EM3555\build\iar\debug\obj\framework_4913715117250599538.dir\update-tc-link-key.o
#        Z:\Users\macbook\Documents\code\silabs\EM3555\build\iar\debug\obj\framework_4913715117250599538.dir\util.o
#        Z:\Users\macbook\Documents\code\silabs\EM3555\build\iar\debug\obj\framework_4913715117250599538.dir\zigbee-device-common.o
#        Z:\Users\macbook\Documents\code\silabs\EM3555\build\iar\debug\obj\framework_4913715117250599538.dir\zigbee-device-library.o
#        Z:\Users\macbook\Documents\code\silabs\EM3555\build\legacy-zigbee-stack\build\zigbee-pro-stack-cortexm3-iar-em3555-em3xx\zigbee-pro-stack.a
#        Z:\Users\macbook\Documents\code\silabs\EM3555\build\legacy-zigbee-stack\build\zigbee-r22-support-library-cortexm3-iar-em3555-em3xx\zigbee-r22-support-library.a
#        Z:\Users\macbook\Documents\code\silabs\EM3555\build\legacy-zigbee-stack\build\zll-stub-library-cortexm3-iar-em3555-em3xx\zll-stub-library.a
#        Z:\Users\macbook\Documents\code\silabs\EM3555\build\iar\debug\obj\autogen_4020999569460366166.dir\znet-bookkeeping.o
#        --redirect _Printf=_PrintfSmallNoMb --redirect _Scanf=_ScanfFullNoMb
#        --no_out_extension -o
#        Z:\Users\macbook\Documents\code\silabs\EM3555\build\iar\debug\exe\em3555-rgbw.out
#        --map
#        Z:\Users\macbook\Documents\code\silabs\EM3555\build\iar\debug\lst\em3555-rgbw.map
#        --log initialization,modules,sections,veneers --log_file
#        Z:\Users\macbook\Documents\code\silabs\EM3555\build\iar\debug\lst\em3555-rgbw.log
#        --config
#        Z:\Users\macbook\Documents\code\silabs\EM3555\iar/../build/legacy-zigbee-stack/platform/base/hal/micro/cortexm3/em35x/em3555/iar-cfg.icf
#        --diag_suppress Lp012 --entry __iar_program_start --no_vfe --text_out
#        locale --cpu=Cortex-M3 --fpu=None) --dependencies=n
#        Z:\Users\macbook\Documents\code\silabs\EM3555\build\iar\debug\exe\em3555-rgbw.out.iar_deps
#        --dynamic_output
#        Z:\Users\macbook\Documents\code\silabs\EM3555\build\iar\debug\exe\em3555-rgbw.out.iar_dynout
#
###############################################################################

*******************************************************************************
*** RUNTIME MODEL ATTRIBUTES
***

CppFlavor       = *
__CPP_Runtime   = 1
__SystemLibrary = DLib
__dlib_version  = 6


*******************************************************************************
*** HEAP SELECTION
***

The basic heap was selected because no calls to memory allocation
functions were found in the application outside of system library
functions, there are calls to deallocation functions in the
application, and the application appears to be primarily
optimized for speed.


*******************************************************************************
*** PLACEMENT SUMMARY
***

"BAT": place at address 0x800'0000 {  section BAT };
define block HEADER_block with fixed order {  ro section AAT };
"HEADERS":
       place at start of [from 0x800'4000 to 0x800'40ff] {
           block HEADER_block };
define block APPRO_block
   with fixed order {
       ro section .intvec,  ro section .textrw_init,  ro section .gatt_header,
       ro section .gatt_data,  ro section .text,  ro section CODE,
       ro section .rodata,  ro section .data_init,  ro section .iar.init_table,
       ro section __DLIB_PERTHREAD_init };
"APP ro":
       place at start of [from 0x800'4100 to 0x807'ffff] {  block APPRO_block };
"SIMEE&LOCKBITS":
       place at end of [from 0x800'4100 to 0x807'ffff] {
           zi section SIMEE,  zi section INTERNAL_STORAGE,
           zi section LONGTOKEN,  zi section PSSTORE,
           zi section LOCKBITS_IN_MAINFLASH };
"FAT": place at address 0x808'0000 {  section FAT };
define block ALIGN_EMHEAP with alignment = 8 {  rw section EMHEAP };
define block RESETHEAP
   with fixed order {
       rw section RESETINFO,  rw section .noinitnew,  block ALIGN_EMHEAP };
"ResetHeap":
       place at start of [from 0x2000'0000 to 0x2000'7fef] {  block RESETHEAP };
"Guard":
       place in [from 0x2000'0000 to 0x2000'7fef] {  rw section GUARD_REGION };
define block ALIGN_CSTACK with alignment = 8 {  rw section CSTACK };
define block DLIB_PERTHREAD_INITIALIZED_DATA {  rw section __DLIB_PERTHREAD };
define block DLIB_PERTHREAD_ZERO_DATA {  zi section __DLIB_PERTHREAD };
define block HEAP with size = 0, alignment = 8 { };
define block APPRW_block
   with fixed order {
       block ALIGN_CSTACK,  rw section .textrw,  rw section .data,
       block DLIB_PERTHREAD_INITIALIZED_DATA,  block DLIB_PERTHREAD_ZERO_DATA,
       rw section .bss,  rw section .noinitlegacy,  block HEAP };
"APP rw":
       place at end of [from 0x2000'0000 to 0x2000'7fef] {  block APPRW_block };
do not initialize {
    rw section .noinitlegacy,  rw section .noinitnew,  rw section CSTACK,
    rw section RESETINFO,  rw section EMHEAP,  zi section SIMEE,
    zi section INTERNAL_STORAGE,  zi section LONGTOKEN,  zi section PSSTORE,
    zi section LOCKBITS_IN_MAINFLASH };
initialize by copy {  rw };

No sections matched the following patterns:

  ro section .gatt_data             in block APPRO_block
  ro section .gatt_header           in block APPRO_block
  ro section .textrw_init           in block APPRO_block
  ro section CODE                   in block APPRO_block
  ro section __DLIB_PERTHREAD_init  in block APPRO_block
  rw section .noinitlegacy          in block APPRW_block
  rw section .noinitnew             in block RESETHEAP
  rw section .textrw                in block APPRW_block
  rw section DEBUG_CHANNEL          in "DEBUGCHAN"
  rw section __DLIB_PERTHREAD       in block DLIB_PERTHREAD_INITIALIZED_DATA
  zi section INTERNAL_STORAGE       in "SIMEE&LOCKBITS"
  zi section LOCKBITS_IN_MAINFLASH  in "SIMEE&LOCKBITS"
  zi section LONGTOKEN              in "SIMEE&LOCKBITS"
  zi section PSSTORE                in "SIMEE&LOCKBITS"
  zi section __DLIB_PERTHREAD       in block DLIB_PERTHREAD_ZERO_DATA


  Section                Kind         Address  Alignment      Size  Object
  -------                ----         -------  ---------      ----  ------
"BAT":                                                        0x54
  BAT                    uninit    0x800'0000          4      0x54  cstartup-common.o [4]
                                 - 0x800'0054                 0x54

"HEADERS":                                                    0xac
  HEADER_block                     0x800'4000                 0xac  <Block>
    AAT                  const     0x800'4000          4      0xac  cstartup-common.o [4]
                                 - 0x800'40ac                 0xac

"APP ro":                                                 0x2'eb1c
  APPRO_block                      0x800'4100             0x2'eb1c  <Block>
    .intvec              ro code   0x800'4100        256      0x90  startup_em355x_rtt.o [1]
    .text                          0x800'4190             0x2'a8c4  <Block>
      .text              ro code   0x800'4190          4     0x110  adc-em3xx.o [4]
      .text              ro code   0x800'42a0          4      0xf4  micro-common.o [4]
      .text              ro code   0x800'4394          4     0x5ec  analogue.o [26]
      .text              ro code   0x800'4980          4     0x440  clocks.o [16]
      .text              ro code   0x800'4dc0          4     0x1f0  micro-common-internal.o [16]
      .text              ro code   0x800'4fb0          4      0xe8  analogue-cell-bias.o [26]
      .text              ro code   0x800'5098          4      0x6c  mfg-token.o [4]
      .text              ro code   0x800'5104          4     0x8a2  phy.o [26]
      .text              ro code   0x800'59a6          2       0x2  zigbee-stack.o [26]
      .text              ro code   0x800'59a8          4     0x194  token.o [4]
      .text              ro code   0x800'5b3c          4      0x4c  analogue-filter.o [26]
      .text              ro code   0x800'5b88          4     0x8f8  phy-common.o [26]
      .text              ro code   0x800'6480          4     0x2c4  micro.o [4]
      .text              ro code   0x800'6744          4      0xcc  analogue-vco.o [26]
      .text              ro code   0x800'6810          4     0x27c  analogue-mod-dac.o [26]
      .text              ro code   0x800'6a8c          4     0x1aa  analogue-lna.o [26]
      .text              ro code   0x800'6c36          2       0x2  zigbee-stack.o [26]
      .text              ro code   0x800'6c38          4     0x124  caladc.o [16]
      .text              ro code   0x800'6d5c          4       0xc  spmr.o [16]
      .text              ro code   0x800'6d68          4       0xe  spmr.o [16]
      .text              ro code   0x800'6d76          2       0x2  zigbee-stack.o [26]
      .text              ro code   0x800'6d78          4       0x6  spmr.o [16]
      .text              ro code   0x800'6d7e          2       0x2  zigbee-stack.o [26]
      .text              ro code   0x800'6d80          4     0x22c  assert-crash-handlers.o [4]
      .text              ro code   0x800'6fac          4       0x8  context-switch.o [16]
      .text              ro code   0x800'6fb4          4      0xa6  ABImemcpy.o [21]
      .text              ro code   0x800'705a          2       0x2  zigbee-stack.o [26]
      .text              ro code   0x800'705c          4      0x68  memcmp.o [21]
      .text              ro code   0x800'70c4          4       0xc  coexistence-802154.o [4]
      .text              ro code   0x800'70d0          4     0x168  symbol-timer.o [26]
      .text              ro code   0x800'7238          4     0x6fc  indirect-queue.o [26]
      .text              ro code   0x800'7934          4     0x54c  mac-child.o [26]
      .text              ro code   0x800'7e80          4     0x970  upper-mac.o [26]
      .text              ro code   0x800'87f0          4     0x4bc  lower-mac-ember-phy.o [26]
      .text              ro code   0x800'8cac          4      0x7e  aes.o [26]
      .text              ro code   0x800'8d2a          2       0x8  abs.o [13]
      .text              ro code   0x800'8d32          2       0x2  zigbee-stack.o [26]
      .text              ro code   0x800'8d34          4      0xa8  sim-eeprom2.o [4]
      .text              ro code   0x800'8ddc          4    0x1330  sim-eeprom2-internal.o [24]
      .text              ro code   0x800'a10c          4      0x58  random.o [4]
      .text              ro code   0x800'a164          4       0xe  spmr.o [16]
      .text              ro code   0x800'a172          2       0x2  zigbee-stack.o [26]
      .text              ro code   0x800'a174          4       0x8  spmr.o [16]
      .text              ro code   0x800'a17c          4     0x6aa  sleep.o [4]
      .text              ro code   0x800'a826          2       0x2  zigbee-stack.o [26]
      .text              ro code   0x800'a828          4      0x18  eui64.o [26]
      .text              ro code   0x800'a840          4      0xc8  cstartup-common.o [4]
      .text              ro code   0x800'a908          4     0x17c  micro-internal.o [16]
      .text              ro code   0x800'aa84          4      0x80  mpu.o [4]
      .text              ro code   0x800'ab04          4      0x66  ABImemset.o [21]
      .text              ro code   0x800'ab6a          2      0x7e  lz77_init_single.o [21]
      .text              ro code   0x800'abe8          4     0x150  button.o [4]
      .text              ro code   0x800'ad38          4       0x4  spmr.o [16]
      .text              ro code   0x800'ad3c          4       0x4  spmr.o [16]
      .text              ro code   0x800'ad40          4    0x1118  debug_basic_em355x.o [1]
      .text              ro code   0x800'be58          4     0x1c4  serial.o [4]
      .text              ro code   0x800'c01c          4     0x82c  buffer-management.o [26]
      .text              ro code   0x800'c848          4     0x136  system-timer.o [16]
      .text              ro code   0x800'c97e          2     0x22c  mac-packet-header.o [26]
      .text              ro code   0x800'cbac          4     0x18e  buffer-queue.o [26]
      .text              ro code   0x800'cd3c          4     0x234  event-control.o [26]
      .text              ro code   0x800'cf70          2       0xc  mac-header.o [26]
      .text              ro code   0x800'cf7c          4      0x22  I64Shl.o [21]
      .text              ro code   0x800'cfa0          4       0x6  ABImemclr.o [21]
      .text              ro code   0x800'cfa8          4      0x3a  ABImemset48.o [21]
      .text              ro code   0x800'cfe4          4       0x6  ABImemclr4.o [21]
      .text              ro code   0x800'cfec          4      0x96  ABImemmove.o [21]
      .text              ro code   0x800'd084          4      0x8c  multi-network.o [26]
      .text              ro code   0x800'd110          4     0x328  ember-multi-network-stub.o [18]
      .text              ro code   0x800'd438          4     0x4b8  mac-command.o [26]
      .text              ro code   0x800'd8f0          4      0xb0  mac-flat-header.o [26]
      .text              ro code   0x800'd9a0          4     0x304  mac-header.o [26]
      .text              ro code   0x800'dca4          2       0x8  mac-header.o [26]
      .text              ro code   0x800'dcac          2      0x54  ember-configuration.o [3]
      .text              ro code   0x800'dd00          4      0x48  duty-cycle-stub.o [26]
      .text              ro code   0x800'dd48          2       0x4  antenna-stub.o [4]
      .text              ro code   0x800'dd4c          4      0x40  led.o [4]
      .text              ro code   0x800'dd8c          4      0x94  ember-base-configuration.o [4]
      .text              ro code   0x800'de20          2       0xc  debug-extended-stub.o [12]
      .text              ro code   0x800'de2c          4     0x11c  flash.o [16]
      .text              ro code   0x800'df48          2       0xa  sim-eeprom2-internal-1to2upgrade-stub.o [23]
      .text              ro code   0x800'df52          2       0x2  micro.o [4]
      .text              ro code   0x800'df54          4       0x6  spmr.o [16]
      .text              ro code   0x800'df5c          4      0x4c  context-switch.o [16]
      .text              ro code   0x800'dfa8          4     0x640  af-main-common.o [3]
      .text              ro code   0x800'e5e8          4    0x2946  app_callbacks.o [1]
      .text              ro code   0x801'0f30          4     0x7b8  ota_support.o [1]
      .text              ro code   0x801'16e8          4     0x60c  uart.o [4]
      .text              ro code   0x801'1cf4          4     0x348  ember-printf.o [4]
      .text              ro code   0x801'203c          4      0x12  strcmp.o [21]
      .text              ro code   0x801'2050          4      0xa6  multi-pan-stub.o [19]
      .text              ro code   0x801'20f8          4     0x238  zigbee-neighbor.o [26]
      .text              ro code   0x801'2330          4     0x542  af-main-soc.o [3]
      .text              ro code   0x801'2874          4     0x234  ember-stack-common.o [26]
      .text              ro code   0x801'2aa8          4     0x484  scan.o [26]
      .text              ro code   0x801'2f2c          4      0xc0  callback-stub.o [2]
      .text              ro code   0x801'2fec          4      0x5c  multi-network.o [3]
      .text              ro code   0x801'3048          4     0x97c  attribute-storage.o [3]
      .text              ro code   0x801'39c4          4     0x7ea  util.o [3]
      .text              ro code   0x801'41b0          4      0x10  crypto-state.o [3]
      .text              ro code   0x801'41c0          4     0x4a8  binding-table.o [5]
      .text              ro code   0x801'4668          4     0x1e4  zigbee-device-library.o [3]
      .text              ro code   0x801'484c          4    0x17fc  association.o [26]
      .text              ro code   0x801'6048          2      0x30  bookkeeping-runtime.o [2]
      .text              ro code   0x801'6078          4      0xe4  zigbee-dispatch.o [26]
      .text              ro code   0x801'615c          4     0x504  service-discovery-common.o [3]
      .text              ro code   0x801'6660          4     0x17a  message.o [3]
      .text              ro code   0x801'67dc          4      0x2c  af-security-common.o [3]
      .text              ro code   0x801'6808          4     0xf2c  aps-security.o [26]
      .text              ro code   0x801'7734          4     0x188  token-cache.o [26]
      .text              ro code   0x801'78bc          4     0x528  zigbee-stack.o [26]
      .text              ro code   0x801'7de4          4      0xcc  af-trust-center.o [3]
      .text              ro code   0x801'7eb0          4    0x10bc  light_state.o [1]
      .text              ro code   0x801'8f6c          4     0x228  client-api.o [3]
      .text              ro code   0x801'9194          4      0x36  strlen.o [21]
      .text              ro code   0x801'91cc          4     0x49c  attribute-table.o [3]
      .text              ro code   0x801'9668          4     0x880  reporting.o [3]
      .text              ro code   0x801'9ee8          4     0x140  app_tokens.o [1]
      .text              ro code   0x801'a028          4     0x10c  factory_reset.o [1]
      .text              ro code   0x801'a134          4     0x760  rgbw_driver_em355x.o [1]
      .text              ro code   0x801'a894          4     0x440  endpoints.o [1]
      .text              ro code   0x801'acd4          4     0x48a  leave.o [26]
      .text              ro code   0x801'b160          4     0x48c  network-steering.o [3]
      .text              ro code   0x801'b5ec          4     0x980  zigbee-device-util.o [26]
      .text              ro code   0x801'bf6c          4      0x90  ledvance_vendor.o [1]
      .text              ro code   0x801'bffc          4     0xbaa  call-command-handler.o [2]
      .text              ro code   0x801'cba8          4      0x86  network-steering-soc.o [3]
      .text              ro code   0x801'cc30          4    0x1320  ota-client.o [3]
      .text              ro code   0x801'df50          4     0x9b4  neighbor.o [26]
      .text              ro code   0x801'e904          2       0x4  debug-jtag-stub.o [4]
      .text              ro code   0x801'e908          4     0x844  child.o [26]
      .text              ro code   0x801'f14c          4     0x428  random-id.o [26]
      .text              ro code   0x801'f574          4     0x4a4  diagnostic.o [4]
      .text              ro code   0x801'fa18          4      0xb8  security-address-cache.o [3]
      .text              ro code   0x801'fad0          4      0xc8  af-event.o [3]
      .text              ro code   0x801'fb98          4     0xb14  application-support.o [26]
      .text              ro code   0x802'06ac          4     0x400  address-table.o [26]
      .text              ro code   0x802'0aac          4     0x290  legacy-packet-buffer.o [26]
      .text              ro code   0x802'0d3c          2     0x164  aes-mmo.o [26]
      .text              ro code   0x802'0ea0          2      0x54  source-route-stub.o [25]
      .text              ro code   0x802'0ef4          4     0x198  scan-dispatch.o [3]
      .text              ro code   0x802'108c          4     0x208  mac-dispatch.o [26]
      .text              ro code   0x802'1294          4     0x21c  child-handling-r22.o [27]
      .text              ro code   0x802'14b0          2      0x2e  zll-stubs.o [28]
      .text              ro code   0x802'14de          2      0x12  strong-random-api.o [3]
      .text              ro code   0x802'14f0          4     0x416  groups-server.o [3]
      .text              ro code   0x802'1906          2      0x50  process-cluster-message.o [3]
      .text              ro code   0x802'1958          4     0x510  process-global-message.o [3]
      .text              ro code   0x802'1e68          4     0x3b4  interpan.o [3]
      .text              ro code   0x802'221c          4     0xa54  aps-retry.o [26]
      .text              ro code   0x802'2c70          4      0x1c  zigbee-device-common.o [3]
      .text              ro code   0x802'2c8c          4     0x4c8  enhanced-beacon-request.o [27]
      .text              ro code   0x802'3154          4     0xa2c  beacon-handling.o [26]
      .text              ro code   0x802'3b80          4     0x3c8  child-handling.o [26]
      .text              ro code   0x802'3f48          4    0x1aec  network.o [26]
      .text              ro code   0x802'5a34          4     0x38e  management.o [26]
      .text              ro code   0x802'5dc4          4     0x31a  zigbee-scan.o [26]
      .text              ro code   0x802'60e0          4     0x124  command.o [26]
      .text              ro code   0x802'6204          4     0x20c  child-aging.o [26]
      .text              ro code   0x802'6410          2       0x8  ember-multi-phy-stub.o [26]
      .text              ro code   0x802'6418          4     0x67c  zigbee-packet-header.o [26]
      .text              ro code   0x802'6a94          4     0x32e  retry.o [26]
      .text              ro code   0x802'6dc4          4     0x6a0  trust-center-util.o [26]
      .text              ro code   0x802'7464          4     0x144  mac-info-element-parsing.o [27]
      .text              ro code   0x802'75a8          4     0x26c  zigbee-upper-mac.o [26]
      .text              ro code   0x802'7814          4     0x658  aps-keys.o [26]
      .text              ro code   0x802'7e6c          2      0x18  gp-stub.o [15]
      .text              ro code   0x802'7e84          2      0x4c  general-response-commands.o [3]
      .text              ro code   0x802'7ed0          2      0x60  service-discovery-soc.o [3]
      .text              ro code   0x802'7f30          4      0x68  install-code-tokens.o [17]
      .text              ro code   0x802'7f98          2       0xe  cbke-crypto-engine-stub.o [11]
      .text              ro code   0x802'7fa8          4     0x446  crypto.o [26]
      .text              ro code   0x802'83f0          4     0x5e0  aps-encryption.o [26]
      .text              ro code   0x802'89d0          4     0x534  aps-keys-transient.o [22]
      .text              ro code   0x802'8f04          2      0x62  hmac.o [26]
      .text              ro code   0x802'8f68          4     0x2c0  aps-keys-full.o [22]
      .text              ro code   0x802'9228          4     0x82e  route-discovery.o [26]
      .text              ro code   0x802'9a58          4     0x5c8  route-table.o [26]
      .text              ro code   0x802'a020          4      0x94  ember-library.o [26]
      .text              ro code   0x802'a0b4          2      0x12  phy-util.o [26]
      .text              ro code   0x802'a0c8          4     0x126  multi-pan-common.o [19]
      .text              ro code   0x802'a1ee          2       0x6  cbke-crypto-engine-163k1-stub.o [6]
      .text              ro code   0x802'a1f4          2       0x6  cbke-crypto-engine-283k1-stub.o [7]
      .text              ro code   0x802'a1fc          4     0x24c  broadcast.o [26]
      .text              ro code   0x802'a448          4     0x420  zdo-channel.o [26]
      .text              ro code   0x802'a868          4     0x274  I64DivMod.o [21]
      .text              ro code   0x802'aadc          4     0x818  color_math.o [1]
      .text              ro code   0x802'b2f4          4      0x8a  attribute-size.o [3]
      .text              ro code   0x802'b380          4      0x18  reporting-default-configuration.o [3]
      .text              ro code   0x802'b398          4      0x10  update-tc-link-key.o [3]
      .text              ro code   0x802'b3a8          4     0xb34  zigbee-device.o [26]
      .text              ro code   0x802'bedc          2       0x8  end-device-bind-stub.o [14]
      .text              ro code   0x802'bee4          4     0x12c  zdo-r22.o [27]
      .text              ro code   0x802'c010          4     0xdb4  scenes.o [3]
      .text              ro code   0x802'cdc4          2      0x1e  ota-client-page-request.o [3]
      .text              ro code   0x802'cde4          4     0x304  ota-storage-simple.o [3]
      .text              ro code   0x802'd0e8          4      0x80  ota-storage-common.o [3]
      .text              ro code   0x802'd168          2      0x3a  ota-common.o [3]
      .text              ro code   0x802'd1a4          4     0x43c  neighbor-exchange.o [26]
      .text              ro code   0x802'd5e0          4      0xa0  unicast-table.o [26]
      .text              ro code   0x802'd680          2       0x2  ember-duty-cycle-stub.o [26]
      .text              ro code   0x802'd682          2     0x15e  route-error.o [26]
      .text              ro code   0x802'd7e0          2       0x4  cbke-crypto-engine-dsa-sign-stub.o [8]
      .text              ro code   0x802'd7e4          4     0x2cc  packet-validate.o [20]
      .text              ro code   0x802'dab0          4      0xc8  znet-bookkeeping.o [2]
      .text              ro code   0x802'db78          4       0x4  time-util.o [3]
      .text              ro code   0x802'db7c          4      0x3e  interpan-soc.o [3]
      .text              ro code   0x802'dbbc          4     0x350  jit.o [26]
      .text              ro code   0x802'df0c          4     0x244  store-forward.o [26]
      .text              ro code   0x802'e150          4     0x11c  zigbee-mac-header.o [26]
      .text              ro code   0x802'e26c          4     0x238  ccm-star.o [3]
      .text              ro code   0x802'e4a4          4       0x2  I64DivZer.o [21]
      .text              ro code   0x802'e4a8          4     0x1c0  zdo-binding-table.o [5]
      .text              ro code   0x802'e668          4       0x4  faults.o [4]
      .text              ro code   0x802'e66c          4      0x70  faults.o [4]
      .text              ro code   0x802'e6dc          4       0x4  faults.o [4]
      .text              ro code   0x802'e6e0          4       0x4  faults.o [4]
      .text              ro code   0x802'e6e4          4       0x4  faults.o [4]
      .text              ro code   0x802'e6e8          4       0x4  faults.o [4]
      .text              ro code   0x802'e6ec          4       0x4  faults.o [4]
      .text              ro code   0x802'e6f0          4       0xc  irqToIsrTrampolines_em355x.o [4]
      .text              ro code   0x802'e6fc          4       0xc  irqToIsrTrampolines_em355x.o [4]
      .text              ro code   0x802'e708          4       0xc  irqToIsrTrampolines_em355x.o [4]
      .text              ro code   0x802'e714          4       0xc  irqToIsrTrampolines_em355x.o [4]
      .text              ro code   0x802'e720          4       0xc  irqToIsrTrampolines_em355x.o [4]
      .text              ro code   0x802'e72c          4       0xc  irqToIsrTrampolines_em355x.o [4]
      .text              ro code   0x802'e738          4       0xc  irqToIsrTrampolines_em355x.o [4]
      .text              ro code   0x802'e744          4       0xc  irqToIsrTrampolines_em355x.o [4]
      .text              ro code   0x802'e750          4       0xc  irqToIsrTrampolines_em355x.o [4]
      .text              ro code   0x802'e75c          4       0xc  irqToIsrTrampolines_em355x.o [4]
      .text              ro code   0x802'e768          4       0xc  irqToIsrTrampolines_em355x.o [4]
      .text              ro code   0x802'e774          4       0xc  irqToIsrTrampolines_em355x.o [4]
      .text              ro code   0x802'e780          4       0xc  irqToIsrTrampolines_em355x.o [4]
      .text              ro code   0x802'e78c          4       0xc  irqToIsrTrampolines_em355x.o [4]
      .text              ro code   0x802'e798          4       0xc  irqToIsrTrampolines_em355x.o [4]
      .text              ro code   0x802'e7a4          4       0xc  irqToIsrTrampolines_em355x.o [4]
      .text              ro code   0x802'e7b0          4       0xc  irqToIsrTrampolines_em355x.o [4]
      .text              ro code   0x802'e7bc          4       0xc  irqToIsrTrampolines_em355x.o [4]
      .text              ro code   0x802'e7c8          4       0xc  irqToIsrTrampolines_em355x.o [4]
      .text              ro code   0x802'e7d4          4       0xc  irqToIsrTrampolines_em355x.o [4]
      .text              ro code   0x802'e7e0          4       0xc  irqToIsrTrampolines_em355x.o [4]
      .text              ro code   0x802'e7ec          4       0xc  irqToIsrTrampolines_em355x.o [4]
      .text              ro code   0x802'e7f8          4       0xc  irqToIsrTrampolines_em355x.o [4]
      .text              ro code   0x802'e804          4       0xc  irqToIsrTrampolines_em355x.o [4]
      .text              ro code   0x802'e810          4       0xc  irqToIsrTrampolines_em355x.o [4]
      .text              ro code   0x802'e81c          4       0xc  irqToIsrTrampolines_em355x.o [4]
      .text              ro code   0x802'e828          4       0xc  irqToIsrTrampolines_em355x.o [4]
      .text              ro code   0x802'e834          4       0xc  irqToIsrTrampolines_em355x.o [4]
      .text              ro code   0x802'e840          4       0x0  isr-stubs.o [4]
      .text              ro code   0x802'e840          4       0x0  isr-stubs.o [4]
      .text              ro code   0x802'e840          4       0x0  isr-stubs.o [4]
      .text              ro code   0x802'e840          4       0x0  isr-stubs.o [4]
      .text              ro code   0x802'e840          4       0x0  isr-stubs.o [4]
      .text              ro code   0x802'e840          4       0x0  isr-stubs.o [4]
      .text              ro code   0x802'e840          4       0x0  isr-stubs.o [4]
      .text              ro code   0x802'e840          4       0x0  isr-stubs.o [4]
      .text              ro code   0x802'e840          4       0x0  isr-stubs.o [4]
      .text              ro code   0x802'e840          4       0x0  isr-stubs.o [4]
      .text              ro code   0x802'e840          4       0x0  isr-stubs.o [4]
      .text              ro code   0x802'e840          4       0x0  isr-stubs.o [4]
      .text              ro code   0x802'e840          4       0x0  isr-stubs.o [4]
      .text              ro code   0x802'e840          4       0x8  startup_em355x_rtt.o [1]
      .text              ro code   0x802'e848          4       0x8  startup_em355x_rtt.o [1]
      .text              ro code   0x802'e850          4     0x110  system_em355x.o [16]
      .text              ro code   0x802'e960          4      0x18  cal-pads.o [26]
      .text              ro code   0x802'e978          4      0x1e  cstartup_M.o [21]
      .text              ro code   0x802'e998          4      0x22  cmain.o [21]
      .text              ro code   0x802'e9ba          2       0x4  low_level_init.o [13]
      .text              ro code   0x802'e9c0          4      0x28  data_init.o [21]
      .text              ro code   0x802'e9e8          2      0x12  simple-main.o [3]
      .text              ro code   0x802'e9fa          2       0x4  exit.o [13]
      .text              ro code   0x802'ea00          4       0x4  cexit.o [21]
      .text              ro code   0x802'ea04          4       0xa  cexit_2.o [21]
      .text              ro code   0x802'ea10          4       0xc  XXexit.o [21]
      .text              ro code   0x802'ea1c          2      0x38  zero_init3.o [21]
    .rodata              const     0x802'ea54          4       0x4  af-main-common.o [3]
    .rodata              const     0x802'ea58          4      0x10  af-main-common.o [3]
    .rodata              const     0x802'ea68          4      0x10  af-main-soc.o [3]
    .rodata              const     0x802'ea78          4      0x1c  af-security-common.o [3]
    .rodata              const     0x802'ea94          4      0x30  app_callbacks.o [1]
    .rodata              const     0x802'eac4          4       0x8  app_callbacks.o [1]
    .rodata              const     0x802'eacc          4      0x1c  app_callbacks.o [1]
    .rodata              const     0x802'eae8          4       0xc  app_callbacks.o [1]
    .rodata              const     0x802'eaf4          4       0xc  app_callbacks.o [1]
    .rodata              const     0x802'eb00          4       0x8  app_callbacks.o [1]
    .rodata              const     0x802'eb08          4       0x8  app_callbacks.o [1]
    .rodata              const     0x802'eb10          4       0x8  app_callbacks.o [1]
    .rodata              const     0x802'eb18          4       0x8  app_callbacks.o [1]
    .rodata              const     0x802'eb20          4       0x8  app_callbacks.o [1]
    .rodata              const     0x802'eb28          4       0xc  app_callbacks.o [1]
    .rodata              const     0x802'eb34          4       0x8  app_callbacks.o [1]
    .rodata              const     0x802'eb3c          4       0xc  app_callbacks.o [1]
    .rodata              const     0x802'eb48          4       0x8  app_callbacks.o [1]
    .rodata              const     0x802'eb50          4       0x8  app_callbacks.o [1]
    .rodata              const     0x802'eb58          4       0x8  app_callbacks.o [1]
    .rodata              const     0x802'eb60          4      0x10  app_callbacks.o [1]
    .rodata              const     0x802'eb70          4      0x10  app_callbacks.o [1]
    .rodata              const     0x802'eb80          4       0xc  app_callbacks.o [1]
    .rodata              const     0x802'eb8c          4      0x10  app_callbacks.o [1]
    .rodata              const     0x802'eb9c          4       0x8  app_callbacks.o [1]
    .rodata              const     0x802'eba4          4      0x10  app_callbacks.o [1]
    .rodata              const     0x802'ebb4          4      0x14  app_callbacks.o [1]
    .rodata              const     0x802'ebc8          4      0x10  app_callbacks.o [1]
    .rodata              const     0x802'ebd8          4      0x14  app_callbacks.o [1]
    .rodata              const     0x802'ebec          4      0x14  app_callbacks.o [1]
    .rodata              const     0x802'ec00          4      0x18  app_callbacks.o [1]
    .rodata              const     0x802'ec18          4      0x14  app_callbacks.o [1]
    .rodata              const     0x802'ec2c          4      0x10  app_callbacks.o [1]
    .rodata              const     0x802'ec3c          4       0xc  app_callbacks.o [1]
    .rodata              const     0x802'ec48          4      0x10  app_callbacks.o [1]
    .rodata              const     0x802'ec58          4       0x8  app_callbacks.o [1]
    .rodata              const     0x802'ec60          4       0xc  app_callbacks.o [1]
    .rodata              const     0x802'ec6c          4       0x8  app_callbacks.o [1]
    .rodata              const     0x802'ec74          4       0x8  app_callbacks.o [1]
    .rodata              const     0x802'ec7c          4       0x8  app_callbacks.o [1]
    .rodata              const     0x802'ec84          4      0x18  app_callbacks.o [1]
    .rodata              const     0x802'ec9c          4      0x10  app_callbacks.o [1]
    .rodata              const     0x802'ecac          4      0x10  app_callbacks.o [1]
    .rodata              const     0x802'ecbc          4      0x10  app_callbacks.o [1]
    .rodata              const     0x802'eccc          4       0xc  app_callbacks.o [1]
    .rodata              const     0x802'ecd8          4       0x8  app_callbacks.o [1]
    .rodata              const     0x802'ece0          4       0x8  app_callbacks.o [1]
    .rodata              const     0x802'ece8          4      0x14  app_callbacks.o [1]
    .rodata              const     0x802'ecfc          4      0x10  app_callbacks.o [1]
    .rodata              const     0x802'ed0c          4      0x10  app_callbacks.o [1]
    .rodata              const     0x802'ed1c          4      0x18  app_callbacks.o [1]
    .rodata              const     0x802'ed34          4       0xc  app_callbacks.o [1]
    .rodata              const     0x802'ed40          4       0xc  app_callbacks.o [1]
    .rodata              const     0x802'ed4c          4       0xc  app_callbacks.o [1]
    .rodata              const     0x802'ed58          4      0x10  app_callbacks.o [1]
    .rodata              const     0x802'ed68          4      0x10  app_callbacks.o [1]
    .rodata              const     0x802'ed78          4      0x14  app_callbacks.o [1]
    .rodata              const     0x802'ed8c          4      0x14  app_callbacks.o [1]
    .rodata              const     0x802'eda0          4       0xc  app_callbacks.o [1]
    .rodata              const     0x802'edac          4      0x14  app_callbacks.o [1]
    .rodata              const     0x802'edc0          4      0x10  app_callbacks.o [1]
    .rodata              const     0x802'edd0          4       0xc  app_callbacks.o [1]
    .rodata              const     0x802'eddc          4      0x14  app_callbacks.o [1]
    .rodata              const     0x802'edf0          4      0x10  app_callbacks.o [1]
    .rodata              const     0x802'ee00          4       0xc  app_callbacks.o [1]
    .rodata              const     0x802'ee0c          4       0xc  app_callbacks.o [1]
    .rodata              const     0x802'ee18          4       0xc  app_callbacks.o [1]
    .rodata              const     0x802'ee24          4      0x10  app_callbacks.o [1]
    .rodata              const     0x802'ee34          4      0x10  app_callbacks.o [1]
    .rodata              const     0x802'ee44          4      0x10  app_callbacks.o [1]
    .rodata              const     0x802'ee54          4      0x14  app_callbacks.o [1]
    .rodata              const     0x802'ee68          4      0x14  app_callbacks.o [1]
    .rodata              const     0x802'ee7c          4       0xc  app_callbacks.o [1]
    .rodata              const     0x802'ee88          4      0x14  app_callbacks.o [1]
    .rodata              const     0x802'ee9c          4       0xc  app_callbacks.o [1]
    .rodata              const     0x802'eea8          4       0xc  app_callbacks.o [1]
    .rodata              const     0x802'eeb4          4      0x14  app_callbacks.o [1]
    .rodata              const     0x802'eec8          4       0xc  app_callbacks.o [1]
    .rodata              const     0x802'eed4          4      0x10  app_callbacks.o [1]
    .rodata              const     0x802'eee4          4      0x14  app_callbacks.o [1]
    .rodata              const     0x802'eef8          4      0x14  app_callbacks.o [1]
    .rodata              const     0x802'ef0c          4      0x14  app_callbacks.o [1]
    .rodata              const     0x802'ef20          4      0x10  app_callbacks.o [1]
    .rodata              const     0x802'ef30          4      0x14  app_callbacks.o [1]
    .rodata              const     0x802'ef44          4      0x10  app_callbacks.o [1]
    .rodata              const     0x802'ef54          4      0x18  app_callbacks.o [1]
    .rodata              const     0x802'ef6c          4      0x10  app_callbacks.o [1]
    .rodata              const     0x802'ef7c          4      0x10  app_callbacks.o [1]
    .rodata              const     0x802'ef8c          4      0x10  app_callbacks.o [1]
    .rodata              const     0x802'ef9c          4       0xc  app_callbacks.o [1]
    .rodata              const     0x802'efa8          4      0x14  app_callbacks.o [1]
    .rodata              const     0x802'efbc          4      0x14  app_callbacks.o [1]
    .rodata              const     0x802'efd0          4      0x14  app_callbacks.o [1]
    .rodata              const     0x802'efe4          4       0xc  app_callbacks.o [1]
    .rodata              const     0x802'eff0          4       0x8  app_callbacks.o [1]
    .rodata              const     0x802'eff8          4       0x8  app_callbacks.o [1]
    .rodata              const     0x802'f000          4      0x14  app_callbacks.o [1]
    .rodata              const     0x802'f014          4      0x18  app_callbacks.o [1]
    .rodata              const     0x802'f02c          4      0x10  app_callbacks.o [1]
    .rodata              const     0x802'f03c          4      0x10  app_callbacks.o [1]
    .rodata              const     0x802'f04c          4       0xc  app_callbacks.o [1]
    .rodata              const     0x802'f058          4       0x8  app_callbacks.o [1]
    .rodata              const     0x802'f060          4       0x8  app_callbacks.o [1]
    .rodata              const     0x802'f068          4      0x10  app_callbacks.o [1]
    .rodata              const     0x802'f078          4       0xc  app_callbacks.o [1]
    .rodata              const     0x802'f084          4      0x14  app_callbacks.o [1]
    .rodata              const     0x802'f098          4       0xc  app_callbacks.o [1]
    .rodata              const     0x802'f0a4          4      0x14  app_callbacks.o [1]
    .rodata              const     0x802'f0b8          4       0xc  app_callbacks.o [1]
    .rodata              const     0x802'f0c4          4       0x8  app_callbacks.o [1]
    .rodata              const     0x802'f0cc          4      0x10  app_callbacks.o [1]
    .rodata              const     0x802'f0dc          4       0x8  app_callbacks.o [1]
    .rodata              const     0x802'f0e4          4      0x10  app_callbacks.o [1]
    .rodata              const     0x802'f0f4          4      0x10  app_callbacks.o [1]
    .rodata              const     0x802'f104          4       0xc  app_callbacks.o [1]
    .rodata              const     0x802'f110          4       0x8  app_callbacks.o [1]
    .rodata              const     0x802'f118          4      0x18  app_callbacks.o [1]
    .rodata              const     0x802'f130          4      0x5c  app_callbacks.o [1]
    .rodata              const     0x802'f18c          4      0x10  app_callbacks.o [1]
    .rodata              const     0x802'f19c          4      0x3c  app_callbacks.o [1]
    .rodata              const     0x802'f1d8          4      0x20  app_callbacks.o [1]
    .rodata              const     0x802'f1f8          4      0x3c  app_callbacks.o [1]
    .rodata              const     0x802'f234          4      0x34  app_callbacks.o [1]
    .rodata              const     0x802'f268          4       0x8  app_callbacks.o [1]
    .rodata              const     0x802'f270          4      0x10  app_callbacks.o [1]
    .rodata              const     0x802'f280          4      0x50  app_callbacks.o [1]
    .rodata              const     0x802'f2d0          4       0x8  app_callbacks.o [1]
    .rodata              const     0x802'f2d8          4       0x8  app_callbacks.o [1]
    .rodata              const     0x802'f2e0          4      0x4c  app_callbacks.o [1]
    .rodata              const     0x802'f32c          4      0xb8  app_callbacks.o [1]
    .rodata              const     0x802'f3e4          4       0x8  app_callbacks.o [1]
    .rodata              const     0x802'f3ec          4       0x8  app_callbacks.o [1]
    .rodata              const     0x802'f3f4          4      0x50  app_callbacks.o [1]
    .rodata              const     0x802'f444          4      0x18  app_callbacks.o [1]
    .rodata              const     0x802'f45c          4      0x7c  app_callbacks.o [1]
    .rodata              const     0x802'f4d8          4      0xd0  app_callbacks.o [1]
    .rodata              const     0x802'f5a8          4      0x28  app_callbacks.o [1]
    .rodata              const     0x802'f5d0          4       0x8  app_callbacks.o [1]
    .rodata              const     0x802'f5d8          4      0x18  app_callbacks.o [1]
    .rodata              const     0x802'f5f0          4       0xc  app_callbacks.o [1]
    .rodata              const     0x802'f5fc          4      0x50  app_callbacks.o [1]
    .rodata              const     0x802'f64c          4      0x2c  app_callbacks.o [1]
    .rodata              const     0x802'f678          4      0x10  app_callbacks.o [1]
    .rodata              const     0x802'f688          4       0xc  app_callbacks.o [1]
    .rodata              const     0x802'f694          4      0x2c  app_callbacks.o [1]
    .rodata              const     0x802'f6c0          4      0x1c  app_callbacks.o [1]
    .rodata              const     0x802'f6dc          4      0x2c  app_callbacks.o [1]
    .rodata              const     0x802'f708          4       0x8  app_callbacks.o [1]
    .rodata              const     0x802'f710          4      0x5c  app_callbacks.o [1]
    .rodata              const     0x802'f76c          4      0x58  app_callbacks.o [1]
    .rodata              const     0x802'f7c4          4      0x4c  app_callbacks.o [1]
    .rodata              const     0x802'f810          4      0x48  app_callbacks.o [1]
    .rodata              const     0x802'f858          4      0x40  app_callbacks.o [1]
    .rodata              const     0x802'f898          4      0x44  app_callbacks.o [1]
    .rodata              const     0x802'f8dc          4      0x80  app_callbacks.o [1]
    .rodata              const     0x802'f95c          4      0x38  app_callbacks.o [1]
    .rodata              const     0x802'f994          4      0x7c  app_callbacks.o [1]
    .rodata              const     0x802'fa10          4       0xc  app_callbacks.o [1]
    .rodata              const     0x802'fa1c          4      0x30  app_callbacks.o [1]
    .rodata              const     0x802'fa4c          4      0xc4  app_callbacks.o [1]
    .rodata              const     0x802'fb10          4       0x8  app_callbacks.o [1]
    .rodata              const     0x802'fb18          4      0x34  app_callbacks.o [1]
    .rodata              const     0x802'fb4c          4       0xc  app_callbacks.o [1]
    .rodata              const     0x802'fb58          4      0xe4  app_callbacks.o [1]
    .rodata              const     0x802'fc3c          4      0x14  app_callbacks.o [1]
    .rodata              const     0x802'fc50          4       0x8  app_callbacks.o [1]
    .rodata              const     0x802'fc58          4      0x14  app_callbacks.o [1]
    .rodata              const     0x802'fc6c          4       0x8  app_callbacks.o [1]
    .rodata              const     0x802'fc74          4       0xc  app_callbacks.o [1]
    .rodata              const     0x802'fc80          4      0x10  app_callbacks.o [1]
    .rodata              const     0x802'fc90          4      0x14  app_callbacks.o [1]
    .rodata              const     0x802'fca4          4       0xc  app_callbacks.o [1]
    .rodata              const     0x802'fcb0          4      0x10  app_callbacks.o [1]
    .rodata              const     0x802'fcc0          4       0xc  app_callbacks.o [1]
    .rodata              const     0x802'fccc          4      0x20  app_callbacks.o [1]
    .rodata              const     0x802'fcec          4      0x28  app_callbacks.o [1]
    .rodata              const     0x802'fd14          4      0x34  app_callbacks.o [1]
    .rodata              const     0x802'fd48          4      0x1c  app_callbacks.o [1]
    .rodata              const     0x802'fd64          4      0x2c  app_callbacks.o [1]
    .rodata              const     0x802'fd90          4      0x24  app_callbacks.o [1]
    .rodata              const     0x802'fdb4          4       0xc  app_callbacks.o [1]
    .rodata              const     0x802'fdc0          4      0x18  app_callbacks.o [1]
    .rodata              const     0x802'fdd8          4      0x10  app_callbacks.o [1]
    .rodata              const     0x802'fde8          4      0x10  app_callbacks.o [1]
    .rodata              const     0x802'fdf8          4      0x34  app_callbacks.o [1]
    .rodata              const     0x802'fe2c          4      0x3c  app_callbacks.o [1]
    .rodata              const     0x802'fe68          4      0x14  assert-crash-handlers.o [4]
    .rodata              const     0x802'fe7c          4      0x70  attribute-size.o [3]
    .rodata              const     0x802'feec          4      0xb0  attribute-storage.o [3]
    .rodata              const     0x802'ff9c          4     0x1f8  attribute-storage.o [3]
    .rodata              const     0x803'0194          4      0xb4  attribute-storage.o [3]
    .rodata              const     0x803'0248          4       0x8  attribute-storage.o [3]
    .rodata              const     0x803'0250          4       0x4  attribute-storage.o [3]
    .rodata              const     0x803'0254          4       0x4  attribute-storage.o [3]
    .rodata              const     0x803'0258          4      0x10  cstartup-common.o [4]
    .rodata              const     0x803'0268          4       0xc  debug_basic_em355x.o [1]
    .rodata              const     0x803'0274          4       0x8  debug_basic_em355x.o [1]
    .rodata              const     0x803'027c          4      0xf4  debug_basic_em355x.o [1]
    .rodata              const     0x803'0370          4       0xc  debug_basic_em355x.o [1]
    .rodata              const     0x803'037c          4      0x18  debug_basic_em355x.o [1]
    .rodata              const     0x803'0394          4       0x8  debug_basic_em355x.o [1]
    .rodata              const     0x803'039c          4       0x8  debug_basic_em355x.o [1]
    .rodata              const     0x803'03a4          4       0xc  debug_basic_em355x.o [1]
    .rodata              const     0x803'03b0          4       0x8  debug_basic_em355x.o [1]
    .rodata              const     0x803'03b8          4      0x18  debug_basic_em355x.o [1]
    .rodata              const     0x803'03d0          4       0xc  debug_basic_em355x.o [1]
    .rodata              const     0x803'03dc          4      0x20  debug_basic_em355x.o [1]
    .rodata              const     0x803'03fc          4      0x1c  debug_basic_em355x.o [1]
    .rodata              const     0x803'0418          4       0x8  debug_basic_em355x.o [1]
    .rodata              const     0x803'0420          4      0x10  debug_basic_em355x.o [1]
    .rodata              const     0x803'0430          4      0x10  debug_basic_em355x.o [1]
    .rodata              const     0x803'0440          4       0x8  debug_basic_em355x.o [1]
    .rodata              const     0x803'0448          4       0x8  debug_basic_em355x.o [1]
    .rodata              const     0x803'0450          4      0x14  debug_basic_em355x.o [1]
    .rodata              const     0x803'0464          4       0x8  debug_basic_em355x.o [1]
    .rodata              const     0x803'046c          4       0x8  debug_basic_em355x.o [1]
    .rodata              const     0x803'0474          4       0x8  debug_basic_em355x.o [1]
    .rodata              const     0x803'047c          4      0x20  debug_basic_em355x.o [1]
    .rodata              const     0x803'049c          4      0x14  debug_basic_em355x.o [1]
    .rodata              const     0x803'04b0          4      0x20  debug_basic_em355x.o [1]
    .rodata              const     0x803'04d0          4      0x14  debug_basic_em355x.o [1]
    .rodata              const     0x803'04e4          4       0x8  debug_basic_em355x.o [1]
    .rodata              const     0x803'04ec          4      0x14  debug_basic_em355x.o [1]
    .rodata              const     0x803'0500          4       0x8  debug_basic_em355x.o [1]
    .rodata              const     0x803'0508          4       0x8  debug_basic_em355x.o [1]
    .rodata              const     0x803'0510          4      0x14  debug_basic_em355x.o [1]
    .rodata              const     0x803'0524          4      0x40  diagnostic.o [4]
    .rodata              const     0x803'0564          4      0x38  diagnostic.o [4]
    .rodata              const     0x803'059c          4      0x44  diagnostic.o [4]
    .rodata              const     0x803'05e0          4      0x3c  diagnostic.o [4]
    .rodata              const     0x803'061c          4      0x30  diagnostic.o [4]
    .rodata              const     0x803'064c          4      0x30  diagnostic.o [4]
    .rodata              const     0x803'067c          4      0x24  diagnostic.o [4]
    .rodata              const     0x803'06a0          4      0x28  diagnostic.o [4]
    .rodata              const     0x803'06c8          4      0x40  diagnostic.o [4]
    .rodata              const     0x803'0708          4      0x3c  diagnostic.o [4]
    .rodata              const     0x803'0744          4      0x30  diagnostic.o [4]
    .rodata              const     0x803'0774          4      0x38  diagnostic.o [4]
    .rodata              const     0x803'07ac          4      0x3c  diagnostic.o [4]
    .rodata              const     0x803'07e8          4      0x30  diagnostic.o [4]
    .rodata              const     0x803'0818          4      0x38  diagnostic.o [4]
    .rodata              const     0x803'0850          4      0x30  diagnostic.o [4]
    .rodata              const     0x803'0880          4      0x40  diagnostic.o [4]
    .rodata              const     0x803'08c0          4      0x44  diagnostic.o [4]
    .rodata              const     0x803'0904          4      0x40  diagnostic.o [4]
    .rodata              const     0x803'0944          4      0x3c  diagnostic.o [4]
    .rodata              const     0x803'0980          4       0x8  diagnostic.o [4]
    .rodata              const     0x803'0988          4       0x8  diagnostic.o [4]
    .rodata              const     0x803'0990          4       0xc  diagnostic.o [4]
    .rodata              const     0x803'099c          4       0xc  diagnostic.o [4]
    .rodata              const     0x803'09a8          4       0xc  diagnostic.o [4]
    .rodata              const     0x803'09b4          4       0x4  diagnostic.o [4]
    .rodata              const     0x803'09b8          4       0x4  diagnostic.o [4]
    .rodata              const     0x803'09bc          4       0xc  diagnostic.o [4]
    .rodata              const     0x803'09c8          4       0xc  diagnostic.o [4]
    .rodata              const     0x803'09d4          4       0x8  diagnostic.o [4]
    .rodata              const     0x803'09dc          4       0x8  diagnostic.o [4]
    .rodata              const     0x803'09e4          4       0x4  diagnostic.o [4]
    .rodata              const     0x803'09e8          4       0x8  diagnostic.o [4]
    .rodata              const     0x803'09f0          4       0x8  diagnostic.o [4]
    .rodata              const     0x803'09f8          4       0x8  diagnostic.o [4]
    .rodata              const     0x803'0a00          4       0x8  diagnostic.o [4]
    .rodata              const     0x803'0a08          4       0x8  diagnostic.o [4]
    .rodata              const     0x803'0a10          4       0x8  diagnostic.o [4]
    .rodata              const     0x803'0a18          4       0x8  diagnostic.o [4]
    .rodata              const     0x803'0a20          4       0x8  diagnostic.o [4]
    .rodata              const     0x803'0a28          4       0x8  diagnostic.o [4]
    .rodata              const     0x803'0a30          4      0x30  diagnostic.o [4]
    .rodata              const     0x803'0a60          4      0x3c  diagnostic.o [4]
    .rodata              const     0x803'0a9c          4      0x2c  diagnostic.o [4]
    .rodata              const     0x803'0ac8          4      0x20  diagnostic.o [4]
    .rodata              const     0x803'0ae8          4      0x30  diagnostic.o [4]
    .rodata              const     0x803'0b18          4      0x18  diagnostic.o [4]
    .rodata              const     0x803'0b30          4      0x40  diagnostic.o [4]
    .rodata              const     0x803'0b70          4      0x30  diagnostic.o [4]
    .rodata              const     0x803'0ba0          4      0x1c  diagnostic.o [4]
    .rodata              const     0x803'0bbc          4       0x8  diagnostic.o [4]
    .rodata              const     0x803'0bc4          4       0x8  diagnostic.o [4]
    .rodata              const     0x803'0bcc          4       0x8  diagnostic.o [4]
    .rodata              const     0x803'0bd4          4      0x28  diagnostic.o [4]
    .rodata              const     0x803'0bfc          4      0x18  diagnostic.o [4]
    .rodata              const     0x803'0c14          4      0x1c  diagnostic.o [4]
    .rodata              const     0x803'0c30          4      0x18  diagnostic.o [4]
    .rodata              const     0x803'0c48          4      0x3c  diagnostic.o [4]
    .rodata              const     0x803'0c84          4      0x34  diagnostic.o [4]
    .rodata              const     0x803'0cb8          4      0x3c  diagnostic.o [4]
    .rodata              const     0x803'0cf4          4      0x28  diagnostic.o [4]
    .rodata              const     0x803'0d1c          4      0x1c  diagnostic.o [4]
    .rodata              const     0x803'0d38          4       0x8  diagnostic.o [4]
    .rodata              const     0x803'0d40          4      0x18  diagnostic.o [4]
    .rodata              const     0x803'0d58          4      0x48  diagnostic.o [4]
    .rodata              const     0x803'0da0          4      0x30  diagnostic.o [4]
    .rodata              const     0x803'0dd0          4       0x8  diagnostic.o [4]
    .rodata              const     0x803'0dd8          4      0x1c  diagnostic.o [4]
    .rodata              const     0x803'0df4          4      0x24  diagnostic.o [4]
    .rodata              const     0x803'0e18          4       0xc  diagnostic.o [4]
    .rodata              const     0x803'0e24          4      0x68  diagnostic.o [4]
    .rodata              const     0x803'0e8c          4      0x10  diagnostic.o [4]
    .rodata              const     0x803'0e9c          4      0x44  diagnostic.o [4]
    .rodata              const     0x803'0ee0          4      0xc0  diagnostic.o [4]
    .rodata              const     0x803'0fa0          4      0x1c  ember-base-configuration.o [4]
    .rodata              const     0x803'0fbc          4      0x24  ember-printf.o [4]
    .rodata              const     0x803'0fe0          4       0x8  endpoints.o [1]
    .rodata              const     0x803'0fe8          4      0x1c  endpoints.o [1]
    .rodata              const     0x803'1004          4       0xc  endpoints.o [1]
    .rodata              const     0x803'1010          4       0x8  endpoints.o [1]
    .rodata              const     0x803'1018          4       0x8  interpan.o [3]
    .rodata              const     0x803'1020          4       0x8  mfg-token.o [4]
    .rodata              const     0x803'1028          4      0x2c  micro.o [4]
    .rodata              const     0x803'1054          4       0x4  micro.o [4]
    .rodata              const     0x803'1058          4      0x58  micro.o [4]
    .rodata              const     0x803'10b0          4      0x20  micro.o [4]
    .rodata              const     0x803'10d0          4       0x8  micro.o [4]
    .rodata              const     0x803'10d8          4       0xc  micro.o [4]
    .rodata              const     0x803'10e4          4       0xc  micro.o [4]
    .rodata              const     0x803'10f0          4       0xc  micro.o [4]
    .rodata              const     0x803'10fc          4       0x8  micro.o [4]
    .rodata              const     0x803'1104          4       0xc  micro.o [4]
    .rodata              const     0x803'1110          4      0x10  micro.o [4]
    .rodata              const     0x803'1120          4      0x20  micro.o [4]
    .rodata              const     0x803'1140          4      0x2c  micro.o [4]
    .rodata              const     0x803'116c          4       0xc  micro.o [4]
    .rodata              const     0x803'1178          4      0x20  network-steering-soc.o [3]
    .rodata              const     0x803'1198          4      0x1c  network-steering.o [3]
    .rodata              const     0x803'11b4          4      0x24  network-steering.o [3]
    .rodata              const     0x803'11d8          4      0x40  network-steering.o [3]
    .rodata              const     0x803'1218          4      0x48  network-steering.o [3]
    .rodata              const     0x803'1260          4      0x24  network-steering.o [3]
    .rodata              const     0x803'1284          4      0x1c  network-steering.o [3]
    .rodata              const     0x803'12a0          4      0x20  network-steering.o [3]
    .rodata              const     0x803'12c0          4      0x10  network-steering.o [3]
    .rodata              const     0x803'12d0          4      0x10  network-steering.o [3]
    .rodata              const     0x803'12e0          4       0x8  ota-client.o [3]
    .rodata              const     0x803'12e8          4      0x1c  ota-client.o [3]
    .rodata              const     0x803'1304          4      0x18  ota-client.o [3]
    .rodata              const     0x803'131c          4      0x14  ota-client.o [3]
    .rodata              const     0x803'1330          4      0x10  ota-client.o [3]
    .rodata              const     0x803'1340          4      0x14  ota-client.o [3]
    .rodata              const     0x803'1354          4      0x14  ota-client.o [3]
    .rodata              const     0x803'1368          4      0x10  ota-client.o [3]
    .rodata              const     0x803'1378          4      0x1c  ota-client.o [3]
    .rodata              const     0x803'1394          4      0x18  ota-client.o [3]
    .rodata              const     0x803'13ac          4      0x30  ota-client.o [3]
    .rodata              const     0x803'13dc          4      0x34  ota-client.o [3]
    .rodata              const     0x803'1410          4      0x2c  ota-client.o [3]
    .rodata              const     0x803'143c          4      0x1c  ota-client.o [3]
    .rodata              const     0x803'1458          4      0x30  ota-client.o [3]
    .rodata              const     0x803'1488          4      0x28  ota-client.o [3]
    .rodata              const     0x803'14b0          4      0x3c  ota-client.o [3]
    .rodata              const     0x803'14ec          4      0x38  ota-client.o [3]
    .rodata              const     0x803'1524          4      0x54  ota-client.o [3]
    .rodata              const     0x803'1578          4      0x3c  ota-client.o [3]
    .rodata              const     0x803'15b4          4      0x1c  ota-client.o [3]
    .rodata              const     0x803'15d0          4      0x14  ota-client.o [3]
    .rodata              const     0x803'15e4          4      0x18  ota-client.o [3]
    .rodata              const     0x803'15fc          4      0x30  ota-client.o [3]
    .rodata              const     0x803'162c          4      0x44  ota-client.o [3]
    .rodata              const     0x803'1670          4      0x28  ota-client.o [3]
    .rodata              const     0x803'1698          4      0x10  ota-client.o [3]
    .rodata              const     0x803'16a8          4      0x20  ota-client.o [3]
    .rodata              const     0x803'16c8          4      0x10  ota-client.o [3]
    .rodata              const     0x803'16d8          4      0x1c  ota-client.o [3]
    .rodata              const     0x803'16f4          4      0x18  ota-client.o [3]
    .rodata              const     0x803'170c          4      0x18  ota-client.o [3]
    .rodata              const     0x803'1724          4      0x20  ota-client.o [3]
    .rodata              const     0x803'1744          4       0x8  ota-client.o [3]
    .rodata              const     0x803'174c          4      0x28  ota-client.o [3]
[...]
sl_mac_packet_send_complete_callback
                         0x800'8411    0x32  Code  Gb  upper-mac.o [26]
sl_mac_payload_length    0x800'cb9f     0xc  Code  Gb  mac-packet-header.o [26]
sl_mac_payload_pointer   0x800'cb95     0xa  Code  Gb  mac-packet-header.o [26]
sl_mac_prepare_transmit
                         0x800'85fd    0xc6  Code  Gb  upper-mac.o [26]
sl_mac_radio_energy_detection
                         0x800'8c05     0x4  Code  Gb  lower-mac-ember-phy.o [26]
sl_mac_radio_receive_mac_header_callback
                         0x800'dafd   0x1a0  Code  Gb  mac-header.o [26]
sl_mac_raw_active_scan   0x801'2b83    0x46  Code  Gb  scan.o [26]
sl_mac_receive_callback
                         0x800'8447   0x188  Code  Gb  upper-mac.o [26]
sl_mac_remove_child      0x800'79df    0x34  Code  Gb  mac-child.o [26]
sl_mac_request_poll      0x800'82f1    0x2a  Code  Gb  upper-mac.o [26]
sl_mac_resume_operation
                         0x800'8185    0x2e  Code  Gb  upper-mac.o [26]
sl_mac_rssi              0x800'cab5     0xc  Code  Gb  mac-packet-header.o [26]
sl_mac_scan_complete_callback
                        0x2000'7d9c     0x4  Data  Gb  scan.o [26]
sl_mac_scan_event       0x2000'7d7c     0x8  Data  Gb  scan.o [26]
sl_mac_scan_event_handler
                         0x801'2cf9    0xec  Code  Gb  scan.o [26]
sl_mac_scan_pending      0x801'2bc9    0x12  Code  Gb  scan.o [26]
sl_mac_scan_request_callback
                        0x2000'28e4     0x4  Data  Gb  scan.o [26]
sl_mac_schedule_symbol_timer
                         0x800'86cd    0x1e  Code  Gb  upper-mac.o [26]
sl_mac_send_raw_message
                         0x800'86f7    0x5c  Code  Gb  upper-mac.o [26]
sl_mac_set_child_flag    0x800'7c87    0x52  Code  Gb  mac-child.o [26]
sl_mac_set_child_id      0x800'7b61    0x22  Code  Gb  mac-child.o [26]
sl_mac_set_destination   0x800'ca07     0xa  Code  Gb  mac-packet-header.o [26]
sl_mac_set_filter_match_list
                         0x800'd9e9     0xe  Code  Gb  mac-header.o [26]
sl_mac_set_lqi           0x800'cad5     0xa  Code  Gb  mac-packet-header.o [26]
sl_mac_set_nwk_radio_parameters
                         0x800'7f87    0xa0  Code  Gb  upper-mac.o [26]
sl_mac_set_rssi          0x800'cae5     0xa  Code  Gb  mac-packet-header.o [26]
sl_mac_set_sleepy_children_flags
                         0x800'7cd9    0x44  Code  Gb  mac-child.o [26]
sl_mac_set_timestamp     0x800'caef     0xa  Code  Gb  mac-packet-header.o [26]
sl_mac_source            0x800'ca57    0x16  Code  Gb  mac-packet-header.o [26]
sl_mac_source_mode       0x800'ca29    0x1c  Code  Gb  mac-packet-header.o [26]
sl_mac_source_pointer    0x800'ca7f    0x16  Code  Gb  mac-packet-header.o [26]
sl_mac_stack_filter_list
                        0x2000'7ce0     0x4  Data  Gb  mac-header.o [26]
sl_mac_submit            0x800'8335    0x72  Code  Gb  upper-mac.o [26]
sl_mac_suspend_operation
                         0x800'815b    0x2a  Code  Gb  upper-mac.o [26]
sl_mac_symbol_timer_expired_handler_isr
                         0x800'85d1    0x20  Code  Gb  upper-mac.o [26]
sl_mac_timestamp         0x800'cacb     0xa  Code  Gb  mac-packet-header.o [26]
sl_mac_upper_mac_is_empty
                         0x800'878d    0x3a  Code  Gb  upper-mac.o [26]
sl_mac_upper_mac_state  0x2000'7b34   0x170  Data  Gb  upper-mac.o [26]
sl_next_channel         0x2000'7d76     0x1  Data  Lc  scan.o [26]
sl_scan_channel_mask    0x2000'7d90     0x4  Data  Lc  scan.o [26]
sl_scan_duration        0x2000'7d77     0x1  Data  Lc  scan.o [26]
sl_scan_frame_counter   0x2000'7d8c     0x4  Data  Lc  scan.o [26]
sl_scan_timer_handler    0x801'2e1d    0x78  Code  Gb  scan.o [26]
sl_scan_transmit_retries
                        0x2000'7d78     0x1  Data  Lc  scan.o [26]
sl_scan_type            0x2000'7d75     0x1  Data  Lc  scan.o [26]
sl_zll_scan_attempts    0x2000'294e     0x1  Data  Lc  zigbee-scan.o [26]
sleepTimerInterruptOccurred
                        0x2000'7fc6     0x1  Data  Gb  system-timer.o [16]
sleepTimerWrapCounter   0x2000'7a4c     0x4  Data  Gb  system-timer.o [16]
sleepyBroadcastInfo     0x2000'7b04     0x1  Data  Lc  jit.o [26]
sli_build_zll_scan_request_payload
                         0x802'14db     0x4  Code  Gb  zll-stubs.o [28]
sli_mac_energy_scan      0x801'2b51    0x32  Code  Gb  scan.o [26]
sli_mac_energy_scan_complete_callback
                        0x2000'7da0     0x4  Data  Gb  scan.o [26]
sli_mac_filter_match_check
                         0x800'd9f7   0x104  Code  Gb  mac-header.o [26]
sli_mac_get_current_child_table_network_index
                         0x800'7daf    0x16  Code  Gb  mac-child.o [26]
sli_mac_init_child_table_pointers
                         0x800'7d97    0x18  Code  Gb  mac-child.o [26]
sli_mac_pop_child_table_pointer
                         0x800'7e31    0x38  Code  Gb  mac-child.o [26]
sli_mac_push_child_table_pointer
                         0x800'7dc5    0x6c  Code  Gb  mac-child.o [26]
sli_mac_send_poll        0x800'829b    0x56  Code  Gb  upper-mac.o [26]
sli_scan_stop            0x801'2de5    0x38  Code  Gb  scan.o [26]
sli_set_lower_mac_params_to_concurrent_networks
                         0x800'80b5    0x44  Code  Gb  upper-mac.o [26]
sli_set_lower_mac_params_to_current_network
                         0x800'80f9    0x3c  Code  Gb  upper-mac.o [26]
sli_upper_mac_update_lower_mac_params
                         0x800'8027    0x1c  Code  Gb  upper-mac.o [26]
sli_zigbee_make_enhanced_beacon_payload_info
                         0x802'38d3    0x2c  Code  Gb  beacon-handling.o [26]
slot_read                0x801'121f    0x26  Code  Lc  ota_support.o [1]
slot_write               0x801'1245    0x20  Code  Lc  ota_support.o [1]
smoothstep_u32           0x801'7efd    0x46  Code  Lc  light_state.o [1]
soFullRepairIsNeeded    0x2000'7a51     0x1  Data  Lc  sim-eeprom2-internal.o [24]
sparePage               0x2000'7a5c     0x4  Data  Gb  sim-eeprom2-internal.o [24]
split_arguments          0x800'b311    0x58  Code  Lc  debug_basic_em355x.o [1]
spreadModDac1           0x2000'7f44     0x2  Data  Lc  analogue-mod-dac.o [26]
spreadModDac2           0x2000'7f46     0x2  Data  Lc  analogue-mod-dac.o [26]
stackEvents             0x2000'27d8    0xd8  Data  Gb  zigbee-stack.o [26]
stackTokenInfo           0x801'7880    0x3c  Data  Lc  token-cache.o [26]
startDownload            0x801'd307    0xaa  Code  Lc  ota-client.o [3]
startNetworkOperation    0x801'49f1    0x6c  Code  Lc  association.o [26]
startServerDiscovery     0x801'cdd5    0x74  Code  Lc  ota-client.o [3]
startTransmission        0x800'8995    0x34  Code  Lc  lower-mac-ember-phy.o [26]
start_boot_status_animation
                         0x801'028d    0x30  Code  Lc  app_callbacks.o [1]
start_channel_scan       0x801'2ea9    0x6c  Code  Lc  scan.o [26]
startup_ct_valid         0x801'7fcf    0x1a  Code  Lc  light_state.o [1]
startup_xy_valid         0x801'7faf    0x20  Code  Lc  light_state.o [1]
stateLimit               0x803'297d     0x1  Data  Lc  service-discovery-common.o [3]
stateMachineRun          0x801'b46b    0x3e  Code  Lc  network-steering.o [3]
states                  0x2000'77f0    0x40  Data  Lc  service-discovery-common.o [3]
statesInitialized       0x2000'7faf     0x1  Data  Lc  service-discovery-common.o [3]
staticCmd                0x803'2900    0x20  Data  Lc  util.o [3]
steeringSerialLog        0x801'b161    0x22  Code  Lc  network-steering.o [3]
steeringSocSerialLog     0x801'cba9    0x22  Code  Lc  network-steering-soc.o [3]
stop_boot_status_animation
                         0x801'02c9    0x44  Code  Lc  app_callbacks.o [1]
storageHasFullImage     0x2000'7f99     0x1  Data  Lc  ota-storage-simple.o [3]
storeAndForwardDelayCount
                        0x2000'7dc4     0x1  Data  Lc  store-forward.o [26]
storeAndForwardSubmitCount
                        0x2000'7dc5     0x1  Data  Lc  store-forward.o [26]
storeData                0x801'd989     0xe  Code  Lc  ota-client.o [3]
store_init_breadcrumb    0x800'b08b    0x10  Code  Lc  debug_basic_em355x.o [1]
storedKeysList          0x2000'7cd8     0x2  Data  Lc  aps-keys-transient.o [22]
storedNetworks          0x2000'725c    0x20  Data  Lc  network-steering-soc.o [3]
storedNetworksInitialized
                        0x2000'7f87     0x1  Data  Lc  network-steering-soc.o [3]
strcmp                   0x801'203d          Code  Gb  strcmp.o [21]
strings_equal            0x800'b369    0x34  Code  Lc  debug_basic_em355x.o [1]
strlen                   0x801'9195          Code  Gb  strlen.o [21]
strongRandomReseedCount
                        0x2000'7ae4     0x4  Data  Lc  phy.o [26]
submitCount             0x2000'7d05     0x1  Data  Lc  retry.o [26]
superRetriesIntervalForMacDataPoll
                        0x2000'7b28     0x4  Data  Lc  network.o [26]
symbolDelayCallbacks    0x2000'7ddc     0x8  Data  Lc  symbol-timer.o [26]
sync_color_representations
                         0x801'8159    0x5a  Code  Lc  light_state.o [1]
sync_outputs_and_attributes
                         0x800'fd11    0x96  Code  Lc  app_callbacks.o [1]
sync_targets_from_current
                         0x801'8201    0x2a  Code  Lc  light_state.o [1]
tail                    0x2000'7fa9     0x1  Data  Lc  scan-dispatch.o [3]
tcBasedClassificationAlgorithm
                         0x802'39f3    0x62  Code  Lc  beacon-handling.o [26]
terminateScanRequest     0x802'a6bb    0x18  Code  Lc  zdo-channel.o [26]
tick_boot_status_animation
                         0x801'0339    0x44  Code  Lc  app_callbacks.o [1]
tick_color_loop          0x801'8625    0x14  Code  Lc  light_state.o [1]
tick_debug_heartbeat     0x800'fb31    0x4e  Code  Lc  app_callbacks.o [1]
tick_identify_effect     0x801'8571    0x2a  Code  Lc  light_state.o [1]
timeoutPools             0x800'7803   0x110  Code  Lc  indirect-queue.o [26]
timeoutPtaRxRequest      0x800'51b5    0x16  Code  Lc  phy.o [26]
timer_outputs_configured
                         0x801'a415    0x32  Code  Lc  rgbw_driver_em355x.o [1]
timer_pwm_ready          0x801'a447     0x2  Code  Lc  rgbw_driver_em355x.o [1]
timer_top_value          0x801'a1a5    0x10  Code  Lc  rgbw_driver_em355x.o [1]
tokenArraySize           0x803'2518    0x2c  Data  Gb  token-def.o [4]
tokenCreators            0x803'2468    0x58  Data  Gb  token-def.o [4]
tokenDefaults            0x803'282c    0xac  Data  Gb  token-def.o [4]
tokenFlagsToSizeArray    0x802'7f94     0x4  Data  Lc  install-code-tokens.o [17]
tokenIsCnt               0x803'24c0    0x2c  Data  Gb  token-def.o [4]
tokenSize                0x803'24ec    0x2c  Data  Gb  token-def.o [4]
tokensActive            0x2000'7fb0     0x1  Data  Gb  token.o [4]
totalImageSize          0x2000'72a8     0x4  Data  Lc  ota-client.o [3]
totalTokenStorage        0x803'2430     0x4  Data  Gb  sim-eeprom2.o [4]
tracePhase              0x2000'79a8     0x1  Data  Lc  buffer-management.o [26]
transientKeyFinish       0x802'8c67    0x38  Code  Lc  aps-keys-transient.o [22]
transportKeyFrameSizes   0x802'da78     0x8  Data  Lc  packet-validate.o [20]
tryNextMethod            0x801'b3cd    0x2e  Code  Lc  network-steering.o [3]
tryToJoinNetwork         0x801'b25d    0x7a  Code  Gb  network-steering.o [3]
txCompleted              0x800'8a95    0x1c  Code  Lc  lower-mac-ember-phy.o [26]
txPower                  0x800'4930    0x28  Data  Lc  analogue.o [26]
txStepTimeSnapshot      0x2000'7aee     0x2  Data  Lc  phy-common.o [26]
tx_complete_callback     0x801'2ac1    0x42  Code  Lc  scan.o [26]
typeSensitiveMemCopy     0x801'3339    0x94  Code  Lc  attribute-storage.o [3]
unicastHead             0x2000'7fe9     0x1  Data  Lc  unicast-table.o [26]
unsolicitedChannelReport
                        0x2000'7db2     0x1  Data  Lc  zdo-channel.o [26]
unusedOriginalChannelMaskCache
                        0x2000'7aa0     0x4  Data  Lc  zigbee-scan.o [26]
unusedPanIdCache        0x2000'7a90     0x2  Data  Lc  zigbee-scan.o [26]
updateCurrentOffset      0x801'cce9    0x20  Code  Lc  ota-client.o [3]
updateDownloadFileVersion
                         0x801'cd09     0x8  Code  Lc  ota-client.o [3]
updateDownloadedZigbeeStackVersionAttribute
                         0x801'de2d     0x2  Code  Lc  ota-client.o [3]
updateImageTypeIdAttribute
                         0x801'de2f     0x2  Code  Lc  ota-client.o [3]
updateMinBlockRequestPeriodAttribute
                         0x801'cc31     0x8  Code  Lc  ota-client.o [3]
updateTcLinkKeyState    0x2000'7fce     0x1  Data  Lc  aps-keys.o [26]
update_color_loop_overlay
                         0x801'859b    0x8a  Code  Lc  light_state.o [1]
update_download_progress
                         0x801'138f    0x12  Code  Lc  ota_support.o [1]
update_identify_effect_overlay
                         0x801'8459   0x118  Code  Lc  light_state.o [1]
update_identify_time     0x800'fc39    0x16  Code  Lc  app_callbacks.o [1]
update_journal_from_header
                         0x801'131f    0x32  Code  Lc  ota_support.o [1]
update_move_snapshot     0x801'83df    0x26  Code  Lc  light_state.o [1]
update_pin_cfg           0x801'a135    0x12  Code  Lc  rgbw_driver_em355x.o [1]
update_runtime_app_task_state
                         0x800'fc87    0x5e  Code  Lc  app_callbacks.o [1]
upgradeEndResponseParse
                         0x801'dc65   0x15c  Code  Lc  ota-client.o [3]
useLegacyTimeoutMethod  0x2000'7fe4     0x1  Data  Gb  child-handling.o [26]
useOsc32k               0x2000'7f86     0x1  Data  Gb  micro-common.o [4]
usePageRequest          0x2000'7f95     0x1  Data  Lc  ota-client.o [3]
useXtalAsIs             0x2000'7fcc     0x1  Data  Lc  clocks.o [16]
useXtalSysTickIsr       0x2000'7fc9     0x1  Data  Gb  clocks.o [16]
userData                0x2000'79c0     0x4  Data  Lc  buffer-management.o [26]
userDataCount           0x2000'79ae     0x2  Data  Lc  buffer-management.o [26]
vFillBuffer              0x801'8f6d   0x178  Code  Lc  client-api.o [3]
vcoLastTuneValueAvailable
                        0x2000'7fd8     0x1  Data  Gb  analogue-vco.o [26]
vcoTuneModDacError       0x800'6921    0x24  Code  Lc  analogue-mod-dac.o [26]
verifyFib                0x800'de2d    0x20  Code  Lc  flash.o [16]
vpaStruct               0x2000'28c0     0x8  Data  Gb  sim-eeprom2-internal.o [24]
vpbStruct               0x2000'28c8     0x8  Data  Gb  sim-eeprom2-internal.o [24]
vpcStruct               0x2000'28d0     0x8  Data  Gb  sim-eeprom2-internal.o [24]
waitingForResponse      0x2000'7f94     0x1  Data  Lc  ota-client.o [3]
wakeupXtalState         0x2000'7fcb     0x1  Data  Gb  clocks.o [16]
walkDelayQueue           0x802'6ab9    0xd2  Code  Lc  retry.o [26]
walkStoreAndForwardQueue
                         0x802'df51   0x10c  Code  Lc  store-forward.o [26]
wrap_hue_u8              0x801'c053    0x14  Code  Lc  call-command-handler.o [2]
wrap_hue_u8              0x802'ab45    0x14  Code  Lc  color_math.o [1]
wrap_hue_u8              0x801'7ee9    0x14  Code  Lc  light_state.o [1]
writeMessage             0x802'0c79    0xaa  Code  Lc  legacy-packet-buffer.o [26]
writeNewTokenData        0x800'9bf5    0x8e  Code  Lc  sim-eeprom2-internal.o [24]
writeServerAttribute     0x802'c03f    0x10  Code  Lc  scenes.o [3]
writeStoredTokDefsToNext
                         0x800'95d9    0x66  Code  Lc  sim-eeprom2-internal.o [24]
writeVpMgmtToNext        0x800'9a85   0x156  Code  Lc  sim-eeprom2-internal.o [24]
write_bool_attribute     0x801'a8cb    0x1c  Code  Lc  endpoints.o [1]
write_channels_to_gpio   0x801'a355    0x56  Code  Lc  rgbw_driver_em355x.o [1]
write_channels_to_timer
                         0x801'a46f    0x6e  Code  Lc  rgbw_driver_em355x.o [1]
write_color_attributes   0x801'a939    0x7e  Code  Lc  endpoints.o [1]
write_color_loop_attributes
                         0x801'ab13    0x42  Code  Lc  endpoints.o [1]
write_effective_output   0x801'a51b    0xb2  Code  Lc  rgbw_driver_em355x.o [1]
write_external_char_string
                         0x800'f221    0x3c  Code  Lc  app_callbacks.o [1]
write_external_literal_char_string
                         0x800'f2f5    0x4a  Code  Lc  app_callbacks.o [1]
write_external_u16       0x800'f2b5    0x1a  Code  Lc  app_callbacks.o [1]
write_external_u32       0x800'f2cf    0x26  Code  Lc  app_callbacks.o [1]
write_external_u8        0x800'f29f    0x16  Code  Lc  app_callbacks.o [1]
write_flash_words        0x801'10ad    0x90  Code  Lc  ota_support.o [1]
write_gpio_mask          0x801'a33b    0x1a  Code  Lc  rgbw_driver_em355x.o [1]
write_help               0x800'b41b    0x10  Code  Lc  debug_basic_em355x.o [1]
write_raw_portb_output   0x801'a3ab    0x10  Code  Lc  rgbw_driver_em355x.o [1]
write_raw_timer_channels
                         0x801'a4dd    0x3e  Code  Lc  rgbw_driver_em355x.o [1]
write_string_attribute   0x801'a8e7    0x52  Code  Lc  endpoints.o [1]
write_timer_channel      0x801'a1c9    0x2e  Code  Lc  rgbw_driver_em355x.o [1]
write_u16_attribute      0x801'a8bd     0xe  Code  Lc  endpoints.o [1]
write_u8_attribute       0x801'a8af     0xe  Code  Lc  endpoints.o [1]
xorBytesIntoBlock        0x802'e293    0x64  Code  Lc  ccm-star.o [3]
xtalAboveLoThresholdUs  0x2000'2906     0x2  Data  Gb  clocks.o [16]
xtalUnstable            0x2000'7fca     0x1  Data  Gb  clocks.o [16]
zaTrustCenterSecurityPolicyInit
                         0x801'7de5    0x1c  Code  Gb  af-trust-center.o [3]
zcl_status_name          0x800'f0cb    0x4e  Code  Lc  app_callbacks.o [1]
zdoConfigurationModeEnabled
                        0x2000'2948     0x1  Data  Gb  zigbee-device-util.o [26]
zero_channels            0x802'abcb     0xc  Code  Lc  color_math.o [1]
zigDevApsStruct         0x2000'7a48     0x4  Data  Lc  zigbee-device-util.o [26]
zigDevRequestRadius     0x2000'2940     0x1  Data  Gb  zigbee-device-common.o [3]
zigDevRequestSequence   0x2000'7fb9     0x1  Data  Lc  zigbee-device-common.o [3]
zigDevRequestSequence   0x2000'7a44     0x1  Data  Lc  zigbee-device-util.o [26]
zigbeeMacFilterList      0x803'2942     0x2  Data  Gb  ember-configuration.o [3]
zllActiveScanCompleteHandler
                         0x802'5f59    0x16  Code  Lc  zigbee-scan.o [26]
zll_channel_stay         0x802'5de3    0x2e  Code  Gb  zigbee-scan.o [26]
zll_scan_request_callback
                         0x802'5e11    0xa8  Code  Lc  zigbee-scan.o [26]


[1] = Z:\Users\macbook\Documents\code\silabs\EM3555\build\iar\debug\obj\application_7220717732061272824.dir
[2] = Z:\Users\macbook\Documents\code\silabs\EM3555\build\iar\debug\obj\autogen_4020999569460366166.dir
[3] = Z:\Users\macbook\Documents\code\silabs\EM3555\build\iar\debug\obj\framework_4913715117250599538.dir
[4] = Z:\Users\macbook\Documents\code\silabs\EM3555\build\iar\debug\obj\platform_14357307452238843788.dir
[5] = binding-table-library.a
[6] = cbke-163k1-stub-library.a
[7] = cbke-283k1-stub-library.a
[8] = cbke-library-dsa-sign-stub.a
[9] = cbke-library-dsa-verify-283k1-stub.a
[10] = cbke-library-dsa-verify-stub.a
[11] = cbke-stub-library.a
[12] = debug-extended-stub-library.a
[13] = dl7M_tln.a
[14] = end-device-bind-stub-library.a
[15] = gp-stub-library.a
[16] = hal-library.a
[17] = install-code-library.a
[18] = multi-network-stub-library.a
[19] = multi-pan-stub-library.a
[20] = packet-validate-library.a
[21] = rt7M_tl.a
[22] = security-library-link-keys.a
[23] = sim-eeprom2-1to2-upgrade-stub-library.a
[24] = sim-eeprom2-library.a
[25] = source-route-stub-library.a
[26] = zigbee-pro-stack.a
[27] = zigbee-r22-support-library.a
[28] = zll-stub-library.a

  174'420 bytes of readonly  code memory
   17'140 bytes of readonly  data memory
   66'462 bytes of readwrite data memory

Errors: none
Warnings: none
